
> lanfinitas-ai-frontend@0.1.0 test
> vitest run


[1m[46m RUN [49m[22m [36mv4.0.13 [39m[90m/home/user/Lanfinitas_AI/frontend[39m

 [31m❯[39m src/pages/__tests__/IdentityManagementPage.test.tsx [2m([22m[2m11 tests[22m[2m | [22m[31m1 failed[39m[2m)[22m[33m 1822[2mms[22m[39m
     [32m✓[39m renders page title with Impact font[32m 57[2mms[22m[39m
     [32m✓[39m displays branding text[32m 11[2mms[22m[39m
     [32m✓[39m shows three tabs: USER, TEAM, AGENT[32m 227[2mms[22m[39m
     [32m✓[39m renders user creation form by default[32m 8[2mms[22m[39m
[31m     [31m×[31m validates form input with Zod[39m[33m 1088[2mms[22m[39m
     [32m✓[39m creates a new user successfully[32m 214[2mms[22m[39m
     [32m✓[39m switches between tabs[32m 140[2mms[22m[39m
     [32m✓[39m displays list of identities[32m 16[2mms[22m[39m
     [32m✓[39m handles API errors gracefully[32m 8[2mms[22m[39m
     [32m✓[39m uses Typewriter font for all UI elements[32m 39[2mms[22m[39m
     [32m✓[39m applies minimalist black/white styling[32m 10[2mms[22m[39m
 [31m❯[39m src/pages/__tests__/TemplateLibraryPage.test.tsx [2m([22m[2m20 tests[22m[2m | [22m[31m1 failed[39m[2m)[22m[33m 1866[2mms[22m[39m
     [32m✓[39m renders page title with Impact font[32m 63[2mms[22m[39m
     [32m✓[39m displays template count[32m 10[2mms[22m[39m
     [32m✓[39m renders search input with underline style[32m 7[2mms[22m[39m
     [32m✓[39m filters templates when searching[32m 206[2mms[22m[39m
     [32m✓[39m displays template cards in grid[32m 15[2mms[22m[39m
     [32m✓[39m shows Unicode star ratings (★☆)[32m 11[2mms[22m[39m
     [32m✓[39m displays usage count for each template[32m 15[2mms[22m[39m
[31m     [31m×[31m shows category labels[39m[33m 1009[2mms[22m[39m
     [32m✓[39m renders USE button for each template[32m 72[2mms[22m[39m
     [32m✓[39m opens modal when USE button is clicked[32m 66[2mms[22m[39m
     [32m✓[39m shows agent name input in modal[32m 59[2mms[22m[39m
     [32m✓[39m creates agent when CREATE button is clicked[32m 183[2mms[22m[39m
     [32m✓[39m can cancel template usage[32m 110[2mms[22m[39m
     [32m✓[39m handles infinite scroll[32m 9[2mms[22m[39m
     [32m✓[39m shows loading state[32m 3[2mms[22m[39m
     [32m✓[39m handles empty template list[32m 8[2mms[22m[39m
     [32m✓[39m uses Typewriter font for all UI elements except title[32m 3[2mms[22m[39m
     [32m✓[39m applies minimalist black/white styling[32m 3[2mms[22m[39m
     [32m✓[39m star ratings are yellow colored[32m 8[2mms[22m[39m
     [32m✓[39m handles API errors gracefully[32m 3[2mms[22m[39m
 [31m❯[39m src/pages/__tests__/DelegationConsolePage.test.tsx [2m([22m[2m14 tests[22m[2m | [22m[31m2 failed[39m[2m)[22m[33m 2725[2mms[22m[39m
     [32m✓[39m renders page title with Impact font[32m 68[2mms[22m[39m
[31m     [31m×[31m displays agent list in sidebar[39m[33m 1021[2mms[22m[39m
     [32m✓[39m shows Unicode status indicators[32m 20[2mms[22m[39m
[31m     [31m×[31m displays statistics in sidebar[39m[33m 1012[2mms[22m[39m
     [32m✓[39m renders task creation form[32m 12[2mms[22m[39m
     [32m✓[39m shows priority radio buttons[32m 12[2mms[22m[39m
     [32m✓[39m validates task creation form[32m 182[2mms[22m[39m
     [32m✓[39m creates a new task successfully[32m 291[2mms[22m[39m
     [32m✓[39m displays active tasks with progress[32m 27[2mms[22m[39m
     [32m✓[39m shows delegation permissions checkboxes[32m 35[2mms[22m[39m
     [32m✓[39m uses Typewriter font for all UI elements[32m 12[2mms[22m[39m
     [32m✓[39m applies minimalist black/white styling[32m 11[2mms[22m[39m
     [32m✓[39m handles loading state[32m 13[2mms[22m[39m
     [32m✓[39m handles API errors gracefully[32m 8[2mms[22m[39m
 [31m❯[39m src/pages/__tests__/WalletDashboardPage.test.tsx [2m([22m[2m16 tests[22m[2m | [22m[31m2 failed[39m[2m)[22m[33m 2454[2mms[22m[39m
     [32m✓[39m renders page title with Impact font[32m 45[2mms[22m[39m
     [32m✓[39m displays balance with giant Impact font[32m 42[2mms[22m[39m
     [32m✓[39m shows LFT TOKEN label[32m 8[2mms[22m[39m
     [32m✓[39m displays USDC balance[32m 16[2mms[22m[39m
[31m     [31m×[31m shows transaction history section[39m[33m 1011[2mms[22m[39m
     [32m✓[39m displays transactions with +/- signs[32m 12[2mms[22m[39m
     [32m✓[39m shows transaction dates in yyyy-MM-dd format[32m 12[2mms[22m[39m
[31m     [31m×[31m displays transaction types[39m[33m 1006[2mms[22m[39m
     [32m✓[39m shows transaction count[32m 13[2mms[22m[39m
     [32m✓[39m renders LOAD MORE button when there are more transactions[32m 148[2mms[22m[39m
     [32m✓[39m loads more transactions when LOAD MORE is clicked[32m 80[2mms[22m[39m
     [32m✓[39m uses Typewriter font for transaction table[32m 44[2mms[22m[39m
     [32m✓[39m applies minimalist black/white styling[32m 3[2mms[22m[39m
     [32m✓[39m handles loading state[32m 3[2mms[22m[39m
     [32m✓[39m handles empty transaction list[32m 7[2mms[22m[39m
     [32m✓[39m handles API errors gracefully[32m 3[2mms[22m[39m

[31m⎯⎯⎯⎯⎯⎯⎯[39m[1m[41m Failed Tests 6 [49m[22m[31m⎯⎯⎯⎯⎯⎯⎯[39m

[41m[1m FAIL [22m[49m src/pages/__tests__/DelegationConsolePage.test.tsx[2m > [22mDelegationConsolePage[2m > [22mdisplays agent list in sidebar
[31m[1mTestingLibraryElementError[22m[39m: Found multiple elements with the text: Pattern Generator

Here are the matching elements:

Ignored nodes: comments, script, style
[36m<span[39m
  [33mclass[39m=[32m"uppercase tracking-wider"[39m
[36m>[39m
  [0mPattern Generator[0m
[36m</span>[39m

Ignored nodes: comments, script, style
[36m<span[39m
  [33mclass[39m=[32m"text-gray-500 ml-3"[39m
[36m>[39m
  [0mPattern Generator[0m
[36m</span>[39m

(If this is intentional, then use the `*AllBy*` variant of the query (like `queryAllByText`, `getAllByText`, or `findAllByText`)).

Ignored nodes: comments, script, style
[36m<body>[39m
  [36m<div>[39m
    [36m<div[39m
      [33mclass[39m=[32m"min-h-screen bg-black text-white p-12"[39m
    [36m>[39m
      [36m<div[39m
        [33mclass[39m=[32m"mb-16"[39m
      [36m>[39m
        [36m<div[39m
          [33mclass[39m=[32m"mb-4"[39m
        [36m>[39m
          [36m<span[39m
            [33mclass[39m=[32m"font-mono text-xs tracking-widest uppercase text-gray-400"[39m
          [36m>[39m
            [0mLANFINITAS AI[0m
          [36m</span>[39m
        [36m</div>[39m
        [36m<h1[39m
          [33mclass[39m=[32m"font-impact text-8xl tracking-tighter uppercase mb-4"[39m
        [36m>[39m
          [0mDELEGATION CONSOLE[0m
        [36m</h1>[39m
        [36m<p[39m
          [33mclass[39m=[32m"font-mono text-sm tracking-wider uppercase text-gray-400"[39m
        [36m>[39m
          [0mMANAGE AGENT DELEGATIONS / MONITOR TASK EXECUTION[0m
        [36m</p>[39m
      [36m</div>[39m
      [36m<div[39m
        [33mclass[39m=[32m"grid grid-cols-12 gap-12"[39m
      [36m>[39m
        [36m<div[39m
          [33mclass[39m=[32m"col-span-3 space-y-8"[39m
        [36m>[39m
          [36m<div>[39m
            [36m<h2[39m
              [33mclass[39m=[32m"font-mono text-sm tracking-widest uppercase text-gray-400 mb-6"[39m
            [36m>[39m
              [0mAGENTS[0m
            [36m</h2>[39m
            [36m<div[39m
              [33mclass[39m=[32m"space-y-4"[39m
            [36m>[39m
              [36m<button[39m
                [33mclass[39m=[32m"font-mono text-sm w-full text-left p-4 border transition-colors border-gray-800 hover:border-gray-600"[39m
              [36m>[39m
                [36m<div[39m
                  [33mclass[39m=[32m"flex items-center justify-between mb-2"[39m
                [36m>[39m
                  [36m<span[39m
                    [33mclass[39m=[32m"uppercase tracking-wider"[39m
                  [36m>[39m
                    [0mFashion Agent[0m
                  [36m</span>[39m
                  [36m<span[39m
                    [33mclass[39m=[32m"text-xs"[39m
                  [36m>[39m
                    [0m○[0m
                    [0m [0m
                    [0mAVAILABLE[0m
                  [36m</span>[39m
                [36m</div>[39m
                [36m<div[39m
                  [33mclass[39m=[32m"text-xs text-gray-500 uppercase"[39m
                [36m>[39m
                  [0mDESIGN, PATTERN[0m
                [36m</div>[39m
              [36m</button>[39m
              [36m<button[39m
                [33mclass[39m=[32m"font-mono text-sm w-full text-left p-4 border transition-colors border-gray-800 hover:border-gray-600"[39m
              [36m>[39m
                [36m<div[39m
                  [33mclass[39m=[32m"flex items-center justify-between mb-2"[39m
                [36m>[39m
                  [36m<span[39m
                    [33mclass[39m=[32m"uppercase tracking-wider"[39m
                  [36m>[39m
                    [0mPattern Generator[0m
                  [36m</span>[39m
                  [36m<span[39m
                    [33mclass[39m=[32m"text-xs"[39m
                  [36m>[39m
                    [0m●[0m
                    [0m [0m
                    [0mBUSY[0m
                  [36m</span>[39m
                [36m</div>[39m
                [36m<div[39m
                  [33mclass[39m=[32m"text-xs text-gray-500 uppercase"[39m
                [36m>[39m
                  [0mPATTERN, LAYOUT[0m
                [36m</div>[39m
              [36m</button>[39m
            [36m</div>[39m
          [36m</div>[39m
          [36m<div[39m
            [33mclass[39m=[32m"pt-8 border-t border-gray-800"[39m
          [36m>[39m
            [36m<div[39m
              [33mclass[39m=[32m"font-mono text-xs space-y-3 uppercase"[39m
            [36m>[39m
              [36m<div[39m
                [33mclass[39m=[32m"flex justify-between"[39m
              [36m>[39m
                [36m<span[39m
                  [33mclass[39m=[32m"text-gray-400"[39m
                [36m>[39m
                  [0mTOTAL AGENTS[0m
                [36m</span>[39m
                [36m<span>[39m
                  [0m2[0m
                [36m</span>[39m
              [36m</div>[39m
              [36m<div[39m
                [33mclass[39m=[32m"flex justify-between"[39m
              [36m>[39m
                [36m<span[39m
                  [33mclass[39m=[32m"text-gray-400"[39m
                [36m>[39m
                  [0mAVAILABLE[0m
                [36m</span>[39m
                [36m<span>[39m
                  [0m1[0m
                [36m</span>[39m
              [36m</div>[39m
              [36m<div[39m
                [33mclass[39m=[32m"flex justify-between"[39m
              [36m>[39m
                [36m<span[39m
                  [33mclass[39m=[32m"text-gray-400"[39m
                [36m>[39m
                  [0mACTIVE TASKS[0m
                [36m</span>[39m
                [36m<span>[39m
                  [0m1[0m
                [36m</span>[39m
              [36m</div>[39m
              [36m<div[39m
                [33mclass[39m=[32m"flex justify-between"[39m
              [36m>[39m
                [36m<span[39m
                  [33mclass[39m=[32m"text-gray-400"[39m
                [36m>[39m
                  [0mCOMPLETED[0m
                [36m</span>[39m
                [36m<span>[39m
                  [0m1[0m
                [36m</span>[39m
              [36m</div>[39m
            [36m</div>[39m
          [36m</div>[39m
        [36m</div>[39m
        [36m<div[39m
          [33mclass[39m=[32m"col-span-9 space-y-12"[39m
        [36m>[39m
          [36m<div>[39m
            [36m<h2[39m
              [33mclass[39m=[32m"font-mono text-sm tracking-widest uppercase text-gray-400 mb-6"[39m
            [36m>[39m
              [0mCREATE TASK[0m
            [36m</h2>[39m
            [36m<form[39m
              [33mclass[39m=[32m"space-y-6"[39m
            [36m>[39m
              [36m<div>[39m
                [36m<label[39m
                  [33mclass[39m=[32m"font-mono text-xs tracking-wider uppercase text-gray-400 block mb-2"[39m
                [36m>[39m
                  [0mTASK NAME[0m
                [36m</label>[39m
                [36m<input[39m
                  [33mclass[39m=[32m"font-mono bg-transparent border-0 border-b border-white focus:border-white focus:outline-none w-full py-2 placeholder:text-gray-600 uppercase tracking-wider"[39m
                  [33mname[39m=[32m"name"[39m
                  [33mplaceholder[39m=[32m"ENTER TASK NAME"[39m
                [36m/>[39m
              [36m</div>[39m
              [36m<div>[39m
                [36m<label[39m
                  [33mclass[39m=[32m"font-mono text-xs tracking-wider uppercase text-gray-400 block mb-2"[39m
                [36m>[39m
                  [0mDESCRIPTION[0m
                [36m</label>[39m
                [36m<textarea[39m
                  [33mclass[39m=[32m"font-mono bg-transparent border border-white focus:border-white focus:outline-none w-full p-3 placeholder:text-gray-600 uppercase tracking-wider resize-none"[39m
                  [33mname[39m=[32m"description"[39m
                  [33mplaceholder[39m=[32m"TASK DESCRIPTION"[39m
                  [33mrows[39m=[32m"3"[39m
                [36m/>[39m
              [36m</div>[39m
              [36m<div>[39m
                [36m<label[39m
                  [33mclass[39m=[32m"font-mono text-xs tracking-wider uppercase text-gray-400 block mb-3"[39m
                [36m>[39m
                  [0mPRIORITY[0m
                [36m</label>[39m
                [36m<div[39m
                  [33mclass[39m=[32m"flex gap-4"[39m
                [36m>[39m
                  [36m<label[39m
                    [33mclass[39m=[32m"font-mono text-xs uppercase tracking-wider cursor-pointer flex items-center gap-2"[39m
                  [36m>[39m
                    [36m<input[39m
                      [33mclass[39m=[32m"appearance-none w-4 h-4 border border-white checked:bg-white"[39m
                      [33mname[39m=[32m"priority"[39m
                      [33mtype[39m=[32m"radio"[39m
                      [33mvalue[39m=[32m"CRITICAL"[39m
                    [36m/>[39m
                    [0mCRITICAL[0m
                  [36m</label>[39m
                  [36m<label[39m
                    [33mclass[39m=[32m"font-mono text-xs uppercase tracking-wider cursor-pointer flex items-center gap-2"[39m
                  [36m>[39m
                    [36m<input[39m
                      [33mclass[39m=[32m"appearance-none w-4 h-4 border border-white checked:bg-white"[39m
                      [33mname[39m=[32m"priority"[39m
                      [33mtype[39m=[32m"radio"[39m
                      [33mvalue[39m=[32m"HIGH"[39m
                    [36m/>[39m
                    [0mHIGH[0m
                  [36m</label>[39m
                  [36m<label[39m
                    [33mclass[39m=[32m"font-mono text-xs uppercase tracking-wider cursor-pointer flex items-center gap-2"[39m
                  [36m>[39m
                    [36m<input[39m
                      [33mclass[39m=[32m"appearance-none w-4 h-4 border border-white checked:bg-white"[39m
                      [33mname[39m=[32m"priority"[39m
                      [33mtype[39m=[32m"radio"[39m
                      [33mvalue[39m=[32m"MEDIUM"[39m
                    [36m/>[39m
                    [0mMEDIUM[0m
                  [36m</label>[39m
                  [36m<label[39m
                    [33mclass[39m=[32m"font-mono text-xs uppercase tracking-wider cursor-pointer flex items-center gap-2"[39m
                  [36m>[39m
                    [36m<input[39m
                      [33mclass[39m=[32m"appearance-none w-4 h-4 border border-white checked:bg-white"[39m
                      [33mname[39m=[32m"priority"[39m
                      [33mtype[39m=[32m"radio"[39m
                      [33mvalue[39m=[32m"LOW"[39m
                    [36m/>[39m
                    [0mLOW[0m
                  [36m</label>[39m
                  [36m<label[39m
                    [33mclass[39m=[32m"font-mono text-xs uppercase tracking-wider cursor-pointer flex items-center gap-2"[39m
                  [36m>[39m
                    [36m<input[39m
                      [33mclass[39m=[32m"appearance-none w-4 h-4 border border-white checked:bg-white"[39m
                      [33mname[39m=[32m"priority"[39m
                      [33mtype[39m=[32m"radio"[39m
                      [33mvalue[39m=[32m"BACKGROUND"[39m
                    [36m/>[39m
                    [0mBACKGROUND[0m
                  [36m</label>[39m
                [36m</div>[39m
              [36m</div>[39m
              [36m<button[39m
                [33mclass[39m=[32m"font-mono border border-white px-8 py-3 hover:bg-white hover:text-black transition-colors uppercase tracking-wider text-sm disabled:opacity-50 disabled:cursor-not-allowed"[39m
                [33mtype[39m=[32m"submit"[39m
              [36m>[39m
                [0mCREATE TASK[0m
              [36m</button>[39m
            [36m</form>[39m
          [36m</div>[39m
          [36m<div[39m
            [33mclass[39m=[32m"pt-12 border-t border-gray-800"[39m
          [36m>[39m
            [36m<h2[39m
              [33mclass[39m=[32m"font-mono text-sm tracking-widest uppercase text-gray-400 mb-6"[39m
            [36m>[39m
              [0mACTIVE TASKS[0m
            [36m</h2>[39m
            [36m<div[39m
              [33mclass[39m=[32m"space-y-3"[39m
            [36m>[39m
              [36m<div[39m
                [33mclass[39m=[32m"font-mono text-sm p-4 border border-gray-800"[39m
              [36m>[39m
                [36m<div[39m
                  [33mclass[39m=[32m"flex justify-between items-start mb-3"[39m
                [36m>[39m
                  [36m<div[39m
                    [33mclass[39m=[32m"flex-1"[39m
                  [36m>[39m
                    [36m<div[39m
                      [33mclass[39m=[32m"flex items-center gap-3 mb-1"[39m
                    [36m>[39m
                      [36m<span[39m
                        [33mclass[39m=[32m"uppercase tracking-wider"[39m
                      [36m>[39m
                        [0mDesign Fashion Pattern[0m
                      [36m</span>[39m
                      [36m<span[39m
                        [33mclass[39m=[32m"text-xs text-gray-400"[39m
                      [36m>[39m
                        [0m●[0m
                        [0m [0m
                        [0mIN_PROGRESS[0m
                      [36m</span>[39m
                    [36m</div>[39m
                    [36m<div[39m
                      [33mclass[39m=[32m"text-xs text-gray-500 uppercase"[39m
                    [36m>[39m
                      [0mAGENT: Fashion Agent[0m
                    [36m</div>[39m
                  [36m</div>[39m
                  [36m<div[39m
                    [33mclass[39m=[32m"text-right"[39m
                  [36m>[39m
                    [36m<div[39m
                      [33mclass[39m=[32m"text-2xl mb-1"[39m
                    [36m>[39m
                      [0m60[0m
                      [0m%[0m
                    [36m</div>[39m
                    [36m<button[39m
                      [33mclass[39m=[32m"text-xs uppercase tracking-wider hover:text-red-500"[39m
                    [36m>[39m
                      [0mREVOKE[0m
                    [36m</button>[39m
                  [36m</div>[39m
                [36m</div>[39m
                [36m<div[39m
                  [33mclass[39m=[32m"text-xs text-gray-400 uppercase"[39m
                [36m>[39m
                  [0mPRIORITY: [0m
                  [0mHIGH[0m
                [36m</div>[39m
              [36m</div>[39m
            [36m</div>[39m
          [36m</div>[39m
          [36m<div[39m
            [33mclass[39m=[32m"pt-12 border-t border-gray-800"[39m
          [36m>[39m
            [36m<h2[39m
              [33mclass[39m=[32m"font-mono text-sm tracking-widest uppercase text-gray-400 mb-6"[39m
            [36m>[39m
              [0mCOMPLETED TASKS[0m
            [36m</h2>[39m
            [36m<div[39m
              [33mclass[39m=[32m"space-y-2"[39m
            [36m>[39m
              [36m<div[39m
                [33mclass[39m=[32m"font-mono text-xs p-3 border border-gray-900 flex justify-between items-center"[39m
              [36m>[39m
                [36m<div>[39m
                  [36m<span[39m
                    [33mclass[39m=[32m"uppercase tracking-wider"[39m
                  [36m>[39m
                    [0mGenerate Layout[0m
                  [36m</span>[39m
                  [36m<span[39m
                    [33mclass[39m=[32m"text-gray-500 ml-3"[39m
                  [36m>[39m
                    [0mPattern Generator[0m
                  [36m</span>[39m
                [36m</div>[39m
                [36m<span[39m
                  [33mclass[39m=[32m"text-gray-400"[39m
                [36m>[39m
                  [0m✓ 100%[0m
                [36m</span>[39m
              [36m</div>[39m
            [36m</div>[39m
          [36m</div>[39m
        [36m</div>[39m
      [36m</div>[39m
    [36m</div>[39m
  [36m</div>[39m
[36m</body>[39m

Ignored nodes: comments, script, style
[36m<html>[39m
  [36m<head />[39m
  [36m<body>[39m
    [36m<div>[39m
      [36m<div[39m
        [33mclass[39m=[32m"min-h-screen bg-black text-white p-12"[39m
      [36m>[39m
        [36m<div[39m
          [33mclass[39m=[32m"mb-16"[39m
        [36m>[39m
          [36m<div[39m
            [33mclass[39m=[32m"mb-4"[39m
          [36m>[39m
            [36m<span[39m
              [33mclass[39m=[32m"font-mono text-xs tracking-widest uppercase text-gray-400"[39m
            [36m>[39m
              [0mLANFINITAS AI[0m
            [36m</span>[39m
          [36m</div>[39m
          [36m<h1[39m
            [33mclass[39m=[32m"font-impact text-8xl tracking-tighter uppercase mb-4"[39m
          [36m>[39m
            [0mDELEGATION CONSOLE[0m
          [36m</h1>[39m
          [36m<p[39m
            [33mclass[39m=[32m"font-mono text-sm tracking-wider uppercase text-gray-400"[39m
          [36m>[39m
            [0mMANAGE AGENT DELEGATIONS / MONITOR TASK EXECUTION[0m
          [36m</p>[39m
        [36m</div>[39m
        [36m<div[39m
          [33mclass[39m=[32m"grid grid-cols-12 gap-12"[39m
        [36m>[39m
          [36m<div[39m
            [33mclass[39m=[32m"col-span-3 space-y-8"[39m
          [36m>[39m
            [36m<div>[39m
              [36m<h2[39m
                [33mclass[39m=[32m"font-mono text-sm tracking-widest uppercase text-gray-400 mb-6"[39m
              [36m>[39m
                [0mAGENTS[0m
              [36m</h2>[39m
              [36m<div[39m
                [33mclass[39m=[32m"space-y-4"[39m
              [36m>[39m
                [36m<button[39m
                  [33mclass[39m=[32m"font-mono text-sm w-full text-left p-4 border transition-colors border-gray-800 hover:border-gray-600"[39m
                [36m>[39m
                  [36m<div[39m
                    [33mclass[39m=[32m"flex items-center justify-between mb-2"[39m
                  [36m>[39m
                    [36m<span[39m
                      [33mclass[39m=[32m"uppercase tracking-wider"[39m
                    [36m>[39m
                      [0mFashion Agent[0m
                    [36m</span>[39m
                    [36m<span[39m
                      [33mclass[39m=[32m"text-xs"[39m
                    [36m>[39m
                      [0m○[0m
                      [0m [0m
                      [0mAVAILABLE[0m
                    [36m</span>[39m
                  [36m</div>[39m
                  [36m<div[39m
                    [33mclass[39m=[32m"text-xs text-gray-500 uppercase"[39m
                  [36m>[39m
                    [0mDESIGN, PATTERN[0m
                  [36m</div>[39m
                [36m</button>[39m
                [36m<button[39m
                  [33mclass[39m=[32m"font-mono text-sm w-full text-left p-4 border transition-colors border-gray-800 hover:border-gray-600"[39m
                [36m>[39m
                  [36m<div[39m
                    [33mclass[39m=[32m"flex items-center justify-between mb-2"[39m
                  [36m>[39m
                    [36m<span[39m
                      [33mclass[39m=[32m"uppercase tracking-wider"[39m
                    [36m>[39m
                      [0mPattern Generator[0m
                    [36m</span>[39m
                    [36m<span[39m
                      [33mclass[39m=[32m"text-xs"[39m
                    [36m>[39m
                      [0m●[0m
                      [0m [0m
                      [0mBUSY[0m
                    [36m</span>[39m
                  [36m</div>[39m
                  [36m<div[39m
                    [33mclass[39m=[32m"text-xs text-gray-500 uppercase"[39m
                  [36m>[39m
                    [0mPATTERN, LAYOUT[0m
                  [36m</div>[39m
                [36m</button>[39m
              [36m</div>[39m
            [36m</div>[39m
            [36m<div[39m
              [33mclass[39m=[32m"pt-8 border-t border-gray-800"[39m
            [36m>[39m
              [36m<div[39m
                [33mclass[39m=[32m"font-mono text-xs space-y-3 uppercase"[39m
              [36m>[39m
                [36m<div[39m
                  [33mclass[39m=[32m"flex justify-between"[39m
                [36m>[39m
                  [36m<span[39m
                    [33mclass[39m=[32m"text-gray-400"[39m
                  [36m>[39m
                    [0mTOTAL AGENTS[0m
                  [36m</span>[39m
                  [36m<span>[39m
                    [0m2[0m
                  [36m</span>[39m
                [36m</div>[39m
                [36m<div[39m
                  [33mclass[39m=[32m"flex justify-between"[39m
                [36m>[39m
                  [36m<span[39m
                    [33mclass[39m=[32m"text-gray-400"[39m
                  [36m>[39m
                    [0mAVAILABLE[0m
                  [36m</span>[39m
                  [36m<span>[39m
                    [0m1[0m
                  [36m</span>[39m
                [36m</div>[39m
                [36m<div[39m
                  [33mclass[39m=[32m"flex justify-between"[39m
                [36m>[39m
                  [36m<span[39m
                    [33mclass[39m=[32m"text-gray-400"[39m
                  [36m>[39m
                    [0mACTIVE TASKS[0m
                  [36m</span>[39m
                  [36m<span>[39m
                    [0m1[0m
                  [36m</span>[39m
                [36m</div>[39m
                [36m<div[39m
                  [33mclass[39m=[32m"flex justify-between"[39m
                [36m>[39m
                  [36m<span[39m
                    [33mclass[39m=[32m"text-gray-400"[39m
                  [36m>[39m
                    [0mCOMPLETED[0m
                  [36m</span>[39m
                  [36m<span>[39m
                    [0m1[0m
                  [36m</span>[39m
                [36m</div>[39m
              [36m</div>[39m
            [36m</div>[39m
          [36m</div>[39m
          [36m<div[39m
            [33mclass[39m=[32m"col-span-9 space-y-12"[39m
          [36m>[39m
            [36m<div>[39m
              [36m<h2[39m
                [33mclass[39m=[32m"font-mono text-sm tracking-widest uppercase text-gray-400 mb-6"[39m
              [36m>[39m
                [0mCREATE TASK[0m
              [36m</h2>[39m
              [36m<form[39m
                [33mclass[39m=[32m"space-y-6"[39m
              [36m>[39m
                [36m<div>[39m
                  [36m<label[39m
                    [33mclass[39m=[32m"font-mono text-xs tracking-wider uppercase text-gray-400 block mb-2"[39m
                  [36m>[39m
                    [0mTASK NAME[0m
                  [36m</label>[39m
                  [36m<input[39m
                    [33mclass[39m=[32m"font-mono bg-transparent border-0 border-b border-white focus:border-white focus:outline-none w-full py-2 placeholder:text-gray-600 uppercase tracking-wider"[39m
                    [33mname[39m=[32m"name"[39m
                    [33mplaceholder[39m=[32m"ENTER TASK NAME"[39m
                  [36m/>[39m
                [36m</div>[39m
                [36m<div>[39m
                  [36m<label[39m
                    [33mclass[39m=[32m"font-mono text-xs tracking-wider uppercase text-gray-400 block mb-2"[39m
                  [36m>[39m
                    [0mDESCRIPTION[0m
                  [36m</label>[39m
                  [36m<textarea[39m
                    [33mclass[39m=[32m"font-mono bg-transparent border border-white focus:border-white focus:outline-none w-full p-3 placeholder:text-gray-600 uppercase tracking-wider resize-none"[39m
                    [33mname[39m=[32m"description"[39m
                    [33mplaceholder[39m=[32m"TASK DESCRIPTION"[39m
                    [33mrows[39m=[32m"3"[39m
                  [36m/>[39m
                [36m</div>[39m
                [36m<div>[39m
                  [36m<label[39m
                    [33mclass[39m=[32m"font-mono text-xs tracking-wider uppercase text-gray-400 block mb-3"[39m
                  [36m>[39m
                    [0mPRIORITY[0m
                  [36m</label>[39m
                  [36m<div[39m
                    [33mclass[39m=[32m"flex gap-4"[39m
                  [36m>[39m
                    [36m<label[39m
                      [33mclass[39m=[32m"font-mono text-xs uppercase tracking-wider cursor-pointer flex items-center gap-2"[39m
                    [36m>[39m
                      [36m<input[39m
                        [33mclass[39m=[32m"appearance-none w-4 h-4 border border-white checked:bg-white"[39m
                        [33mname[39m=[32m"priority"[39m
                        [33mtype[39m=[32m"radio"[39m
                        [33mvalue[39m=[32m"CRITICAL"[39m
                      [36m/>[39m
                      [0mCRITICAL[0m
                    [36m</label>[39m
                    [36m<label[39m
                      [33mclass[39m=[32m"font-mono text-xs uppercase tracking-wider cursor-pointer flex items-center gap-2"[39m
                    [36m>[39m
                      [36m<input[39m
                        [33mclass[39m=[32m"appearance-none w-4 h-4 border border-white checked:bg-white"[39m
                        [33mname[39m=[32m"priority"[39m
                        [33mtype[39m=[32m"radio"[39m
                        [33mvalue[39m=[32m"HIGH"[39m
                      [36m/>[39m
                      [0mHIGH[0m
                    [36m</label>[39m
                    [36m<label[39m
                      [33mclass[39m=[32m"font-mono text-xs uppercase tracking-wider cursor-pointer flex items-center gap-2"[39m
                    [36m>[39m
                      [36m<input[39m
                        [33mclass[39m=[32m"appearance-none w-4 h-4 border border-white checked:bg-white"[39m
                        [33mname[39m=[32m"priority"[39m
                        [33mtype[39m=[32m"radio"[39m
                        [33mvalue[39m=[32m"MEDIUM"[39m
                      [36m/>[39m
                      [0mMEDIUM[0m
                    [36m</label>[39m
                    [36m<label[39m
                      [33mclass[39m=[32m"font-mono text-xs uppercase tracking-wider cursor-pointer flex items-center gap-2"[39m
                    [36m>[39m
                      [36m<input[39m
                        [33mclass[39m=[32m"appearance-none w-4 h-4 border border-white checked:bg-white"[39m
                        [33mname[39m=[32m"priority"[39m
                        [33mtype[39m=[32m"radio"[39m
                        [33mvalue[39m=[32m"LOW"[39m
                      [36m/>[39m
                      [0mLOW[0m
                    [36m</label>[39m
                    [36m<label[39m
                      [33mclass[39m=[32m"font-mono text-xs uppercase tracking-wider cursor-pointer flex items-center gap-2"[39m
                    [36m>[39m
                      [36m<input[39m
                        [33mclass[39m=[32m"appearance-none w-4 h-4 border border-white checked:bg-white"[39m
                        [33mname[39m=[32m"priority"[39m
                        [33mtype[39m=[32m"radio"[39m
                        [33mvalue[39m=[32m"BACKGROUND"[39m
                      [36m/>[39m
                      [0mBACKGROUND[0m
                    [36m</label>[39m
                  [36m</div>[39m
                [36m</div>[39m
                [36m<button[39m
                  [33mclass[39m=[32m"font-mono border border-white px-8 py-3 hover:bg-white hover:text-black transition-colors uppercase tracking-wider text-sm disabled:opacity-50 disabled:cursor-not-allowed"[39m
                  [33mtype[39m=[32m"submit"[39m
                [36m>[39m
                  [0mCREATE TASK[0m
                [36m</button>[39m
              [36m</form>[39m
            [36m</div>[39m
            [36m<div[39m
              [33mclass[39m=[32m"pt-12 border-t border-gray-800"[39m
            [36m>[39m
              [36m<h2[39m
                [33mclass[39m=[32m"font-mono text-sm tracking-widest uppercase text-gray-400 mb-6"[39m
              [36m>[39m
                [0mACTIVE TASKS[0m
              [36m</h2>[39m
              [36m<div[39m
                [33mclass[39m=[32m"space-y-3"[39m
              [36m>[39m
                [36m<div[39m
                  [33mclass[39m=[32m"font-mono text-sm p-4 border border-gray-800"[39m
                [36m>[39m
                  [36m<div[39m
                    [33mclass[39m=[32m"flex justify-between items-start mb-3"[39m
                  [36m>[39m
                    [36m<div[39m
                      [33mclass[39m=[32m"flex-1"[39m
                    [36m>[39m
                      [36m<div[39m
                        [33mclass[39m=[32m"flex items-center gap-3 mb-1"[39m
                      [36m>[39m
                        [36m<span[39m
                          [33mclass[39m=[32m"uppercase tracking-wider"[39m
                        [36m>[39m
                          [0mDesign Fashion Pattern[0m
                        [36m</span>[39m
                        [36m<span[39m
                          [33mclass[39m=[32m"text-xs text-gray-400"[39m
                        [36m>[39m
                          [0m●[0m
                          [0m [0m
                          [0mIN_PROGRESS[0m
                        [36m</span>[39m
                      [36m</div>[39m
                      [36m<div[39m
                        [33mclass[39m=[32m"text-xs text-gray-500 uppercase"[39m
                      [36m>[39m
                        [0mAGENT: Fashion Agent[0m
                      [36m</div>[39m
                    [36m</div>[39m
                    [36m<div[39m
                      [33mclass[39m=[32m"text-right"[39m
                    [36m>[39m
                      [36m<div[39m
                        [33mclass[39m=[32m"text-2xl mb-1"[39m
                      [36m>[39m
                        [0m60[0m
                        [0m%[0m
                      [36m</div>[39m
                      [36m<button[39m
                        [33mclass[39m=[32m"text-xs uppercase tracking-wider hover:text-red-500"[39m
                      [36m>[39m
                        [0mREVOKE[0m
                      [36m</button>[39m
                    [36m</div>[39m
                  [36m</div>[39m
                  [36m<div[39m
                    [33mclass[39m=[32m"text-xs text-gray-400 uppercase"[39m
                  [36m>[39m
                    [0mPRIORITY: [0m
                    [0mHIGH[0m
                  [36m</div>[39m
                [36m</div>[39m
              [36m</div>[39m
            [36m</div>[39m
            [36m<div[39m
              [33mclass[39m=[32m"pt-12 border-t border-gray-800"[39m
            [36m>[39m
              [36m<h2[39m
                [33mclass[39m=[32m"font-mono text-sm tracking-widest uppercase text-gray-400 mb-6"[39m
              [36m>[39m
                [0mCOMPLETED TASKS[0m
              [36m</h2>[39m
              [36m<div[39m
                [33mclass[39m=[32m"space-y-2"[39m
              [36m>[39m
                [36m<div[39m
                  [33mclass[39m=[32m"font-mono text-xs p-3 border border-gray-900 flex justify-between items-center"[39m
                [36m>[39m
                  [36m<div>[39m
                    [36m<span[39m
                      [33mclass[39m=[32m"uppercase tracking-wider"[39m
                    [36m>[39m
                      [0mGenerate Layout[0m
                    [36m</span>[39m
                    [36m<span[39m
                      [33mclass[39m=[32m"text-gray-500 ml-3"[39m
                    [36m>[39m
                      [0mPattern Generator[0m
                    [36m</span>[39m
                  [36m</div>[39m
                  [36m<span[39m
                    [33mclass[39m=[32m"text-gray-400"[39m
                  [36m>[39m
                    [0m✓ 100%[0m
                  [36m</span>[39m
                [36m</div>[39m
              [36m</div>[39m
            [36m</div>[39m
          [36m</div>[39m
        [36m</div>[39m
      [36m</div>[39m
    [36m</div>[39m
  [36m</body>[39m
[36m</html>[39m
[90m [2m❯[22m Module.waitForWrapper node_modules/@testing-library/dom/dist/wait-for.js:[2m163:27[22m[39m
[36m [2m❯[22m src/pages/__tests__/DelegationConsolePage.test.tsx:[2m46:11[22m[39m
    [90m 44| [39m    [34mrender[39m([33m<[39m[33mDelegationConsolePage[39m [33m/[39m[33m>[39m)
    [90m 45| [39m
    [90m 46| [39m    [35mawait[39m [34mwaitFor[39m(() [33m=>[39m {
    [90m   | [39m          [31m^[39m
    [90m 47| [39m      [34mexpect[39m(screen[33m.[39m[34mgetByText[39m([32m'Fashion Agent'[39m))[33m.[39m[34mtoBeInTheDocument[39m()
    [90m 48| [39m      [34mexpect[39m(screen[33m.[39m[34mgetByText[39m([32m'Pattern Generator'[39m))[33m.[39m[34mtoBeInTheDocument[39m()

[31m[2m⎯⎯⎯⎯⎯⎯⎯⎯⎯⎯⎯⎯⎯⎯⎯⎯⎯⎯⎯⎯⎯⎯⎯⎯[1/6]⎯[22m[39m

[41m[1m FAIL [22m[49m src/pages/__tests__/DelegationConsolePage.test.tsx[2m > [22mDelegationConsolePage[2m > [22mdisplays statistics in sidebar
[31m[1mTestingLibraryElementError[22m[39m: Found multiple elements with the text: /AVAILABLE/i

Here are the matching elements:

Ignored nodes: comments, script, style
[36m<span[39m
  [33mclass[39m=[32m"text-xs"[39m
[36m>[39m
  [0m○[0m
  [0m [0m
  [0mAVAILABLE[0m
[36m</span>[39m

Ignored nodes: comments, script, style
[36m<span[39m
  [33mclass[39m=[32m"text-gray-400"[39m
[36m>[39m
  [0mAVAILABLE[0m
[36m</span>[39m

(If this is intentional, then use the `*AllBy*` variant of the query (like `queryAllByText`, `getAllByText`, or `findAllByText`)).

Ignored nodes: comments, script, style
[36m<body>[39m
  [36m<div>[39m
    [36m<div[39m
      [33mclass[39m=[32m"min-h-screen bg-black text-white p-12"[39m
    [36m>[39m
      [36m<div[39m
        [33mclass[39m=[32m"mb-16"[39m
      [36m>[39m
        [36m<div[39m
          [33mclass[39m=[32m"mb-4"[39m
        [36m>[39m
          [36m<span[39m
            [33mclass[39m=[32m"font-mono text-xs tracking-widest uppercase text-gray-400"[39m
          [36m>[39m
            [0mLANFINITAS AI[0m
          [36m</span>[39m
        [36m</div>[39m
        [36m<h1[39m
          [33mclass[39m=[32m"font-impact text-8xl tracking-tighter uppercase mb-4"[39m
        [36m>[39m
          [0mDELEGATION CONSOLE[0m
        [36m</h1>[39m
        [36m<p[39m
          [33mclass[39m=[32m"font-mono text-sm tracking-wider uppercase text-gray-400"[39m
        [36m>[39m
          [0mMANAGE AGENT DELEGATIONS / MONITOR TASK EXECUTION[0m
        [36m</p>[39m
      [36m</div>[39m
      [36m<div[39m
        [33mclass[39m=[32m"grid grid-cols-12 gap-12"[39m
      [36m>[39m
        [36m<div[39m
          [33mclass[39m=[32m"col-span-3 space-y-8"[39m
        [36m>[39m
          [36m<div>[39m
            [36m<h2[39m
              [33mclass[39m=[32m"font-mono text-sm tracking-widest uppercase text-gray-400 mb-6"[39m
            [36m>[39m
              [0mAGENTS[0m
            [36m</h2>[39m
            [36m<div[39m
              [33mclass[39m=[32m"space-y-4"[39m
            [36m>[39m
              [36m<button[39m
                [33mclass[39m=[32m"font-mono text-sm w-full text-left p-4 border transition-colors border-gray-800 hover:border-gray-600"[39m
              [36m>[39m
                [36m<div[39m
                  [33mclass[39m=[32m"flex items-center justify-between mb-2"[39m
                [36m>[39m
                  [36m<span[39m
                    [33mclass[39m=[32m"uppercase tracking-wider"[39m
                  [36m>[39m
                    [0mFashion Agent[0m
                  [36m</span>[39m
                  [36m<span[39m
                    [33mclass[39m=[32m"text-xs"[39m
                  [36m>[39m
                    [0m○[0m
                    [0m [0m
                    [0mAVAILABLE[0m
                  [36m</span>[39m
                [36m</div>[39m
                [36m<div[39m
                  [33mclass[39m=[32m"text-xs text-gray-500 uppercase"[39m
                [36m>[39m
                  [0mDESIGN, PATTERN[0m
                [36m</div>[39m
              [36m</button>[39m
              [36m<button[39m
                [33mclass[39m=[32m"font-mono text-sm w-full text-left p-4 border transition-colors border-gray-800 hover:border-gray-600"[39m
              [36m>[39m
                [36m<div[39m
                  [33mclass[39m=[32m"flex items-center justify-between mb-2"[39m
                [36m>[39m
                  [36m<span[39m
                    [33mclass[39m=[32m"uppercase tracking-wider"[39m
                  [36m>[39m
                    [0mPattern Generator[0m
                  [36m</span>[39m
                  [36m<span[39m
                    [33mclass[39m=[32m"text-xs"[39m
                  [36m>[39m
                    [0m●[0m
                    [0m [0m
                    [0mBUSY[0m
                  [36m</span>[39m
                [36m</div>[39m
                [36m<div[39m
                  [33mclass[39m=[32m"text-xs text-gray-500 uppercase"[39m
                [36m>[39m
                  [0mPATTERN, LAYOUT[0m
                [36m</div>[39m
              [36m</button>[39m
            [36m</div>[39m
          [36m</div>[39m
          [36m<div[39m
            [33mclass[39m=[32m"pt-8 border-t border-gray-800"[39m
          [36m>[39m
            [36m<div[39m
              [33mclass[39m=[32m"font-mono text-xs space-y-3 uppercase"[39m
            [36m>[39m
              [36m<div[39m
                [33mclass[39m=[32m"flex justify-between"[39m
              [36m>[39m
                [36m<span[39m
                  [33mclass[39m=[32m"text-gray-400"[39m
                [36m>[39m
                  [0mTOTAL AGENTS[0m
                [36m</span>[39m
                [36m<span>[39m
                  [0m2[0m
                [36m</span>[39m
              [36m</div>[39m
              [36m<div[39m
                [33mclass[39m=[32m"flex justify-between"[39m
              [36m>[39m
                [36m<span[39m
                  [33mclass[39m=[32m"text-gray-400"[39m
                [36m>[39m
                  [0mAVAILABLE[0m
                [36m</span>[39m
                [36m<span>[39m
                  [0m1[0m
                [36m</span>[39m
              [36m</div>[39m
              [36m<div[39m
                [33mclass[39m=[32m"flex justify-between"[39m
              [36m>[39m
                [36m<span[39m
                  [33mclass[39m=[32m"text-gray-400"[39m
                [36m>[39m
                  [0mACTIVE TASKS[0m
                [36m</span>[39m
                [36m<span>[39m
                  [0m1[0m
                [36m</span>[39m
              [36m</div>[39m
              [36m<div[39m
                [33mclass[39m=[32m"flex justify-between"[39m
              [36m>[39m
                [36m<span[39m
                  [33mclass[39m=[32m"text-gray-400"[39m
                [36m>[39m
                  [0mCOMPLETED[0m
                [36m</span>[39m
                [36m<span>[39m
                  [0m1[0m
                [36m</span>[39m
              [36m</div>[39m
            [36m</div>[39m
          [36m</div>[39m
        [36m</div>[39m
        [36m<div[39m
          [33mclass[39m=[32m"col-span-9 space-y-12"[39m
        [36m>[39m
          [36m<div>[39m
            [36m<h2[39m
              [33mclass[39m=[32m"font-mono text-sm tracking-widest uppercase text-gray-400 mb-6"[39m
            [36m>[39m
              [0mCREATE TASK[0m
            [36m</h2>[39m
            [36m<form[39m
              [33mclass[39m=[32m"space-y-6"[39m
            [36m>[39m
              [36m<div>[39m
                [36m<label[39m
                  [33mclass[39m=[32m"font-mono text-xs tracking-wider uppercase text-gray-400 block mb-2"[39m
                [36m>[39m
                  [0mTASK NAME[0m
                [36m</label>[39m
                [36m<input[39m
                  [33mclass[39m=[32m"font-mono bg-transparent border-0 border-b border-white focus:border-white focus:outline-none w-full py-2 placeholder:text-gray-600 uppercase tracking-wider"[39m
                  [33mname[39m=[32m"name"[39m
                  [33mplaceholder[39m=[32m"ENTER TASK NAME"[39m
                [36m/>[39m
              [36m</div>[39m
              [36m<div>[39m
                [36m<label[39m
                  [33mclass[39m=[32m"font-mono text-xs tracking-wider uppercase text-gray-400 block mb-2"[39m
                [36m>[39m
                  [0mDESCRIPTION[0m
                [36m</label>[39m
                [36m<textarea[39m
                  [33mclass[39m=[32m"font-mono bg-transparent border border-white focus:border-white focus:outline-none w-full p-3 placeholder:text-gray-600 uppercase tracking-wider resize-none"[39m
                  [33mname[39m=[32m"description"[39m
                  [33mplaceholder[39m=[32m"TASK DESCRIPTION"[39m
                  [33mrows[39m=[32m"3"[39m
                [36m/>[39m
              [36m</div>[39m
              [36m<div>[39m
                [36m<label[39m
                  [33mclass[39m=[32m"font-mono text-xs tracking-wider uppercase text-gray-400 block mb-3"[39m
                [36m>[39m
                  [0mPRIORITY[0m
                [36m</label>[39m
                [36m<div[39m
                  [33mclass[39m=[32m"flex gap-4"[39m
                [36m>[39m
                  [36m<label[39m
                    [33mclass[39m=[32m"font-mono text-xs uppercase tracking-wider cursor-pointer flex items-center gap-2"[39m
                  [36m>[39m
                    [36m<input[39m
                      [33mclass[39m=[32m"appearance-none w-4 h-4 border border-white checked:bg-white"[39m
                      [33mname[39m=[32m"priority"[39m
                      [33mtype[39m=[32m"radio"[39m
                      [33mvalue[39m=[32m"CRITICAL"[39m
                    [36m/>[39m
                    [0mCRITICAL[0m
                  [36m</label>[39m
                  [36m<label[39m
                    [33mclass[39m=[32m"font-mono text-xs uppercase tracking-wider cursor-pointer flex items-center gap-2"[39m
                  [36m>[39m
                    [36m<input[39m
                      [33mclass[39m=[32m"appearance-none w-4 h-4 border border-white checked:bg-white"[39m
                      [33mname[39m=[32m"priority"[39m
                      [33mtype[39m=[32m"radio"[39m
                      [33mvalue[39m=[32m"HIGH"[39m
                    [36m/>[39m
                    [0mHIGH[0m
                  [36m</label>[39m
                  [36m<label[39m
                    [33mclass[39m=[32m"font-mono text-xs uppercase tracking-wider cursor-pointer flex items-center gap-2"[39m
                  [36m>[39m
                    [36m<input[39m
                      [33mclass[39m=[32m"appearance-none w-4 h-4 border border-white checked:bg-white"[39m
                      [33mname[39m=[32m"priority"[39m
                      [33mtype[39m=[32m"radio"[39m
                      [33mvalue[39m=[32m"MEDIUM"[39m
                    [36m/>[39m
                    [0mMEDIUM[0m
                  [36m</label>[39m
                  [36m<label[39m
                    [33mclass[39m=[32m"font-mono text-xs uppercase tracking-wider cursor-pointer flex items-center gap-2"[39m
                  [36m>[39m
                    [36m<input[39m
                      [33mclass[39m=[32m"appearance-none w-4 h-4 border border-white checked:bg-white"[39m
                      [33mname[39m=[32m"priority"[39m
                      [33mtype[39m=[32m"radio"[39m
                      [33mvalue[39m=[32m"LOW"[39m
                    [36m/>[39m
                    [0mLOW[0m
                  [36m</label>[39m
                  [36m<label[39m
                    [33mclass[39m=[32m"font-mono text-xs uppercase tracking-wider cursor-pointer flex items-center gap-2"[39m
                  [36m>[39m
                    [36m<input[39m
                      [33mclass[39m=[32m"appearance-none w-4 h-4 border border-white checked:bg-white"[39m
                      [33mname[39m=[32m"priority"[39m
                      [33mtype[39m=[32m"radio"[39m
                      [33mvalue[39m=[32m"BACKGROUND"[39m
                    [36m/>[39m
                    [0mBACKGROUND[0m
                  [36m</label>[39m
                [36m</div>[39m
              [36m</div>[39m
              [36m<button[39m
                [33mclass[39m=[32m"font-mono border border-white px-8 py-3 hover:bg-white hover:text-black transition-colors uppercase tracking-wider text-sm disabled:opacity-50 disabled:cursor-not-allowed"[39m
                [33mtype[39m=[32m"submit"[39m
              [36m>[39m
                [0mCREATE TASK[0m
              [36m</button>[39m
            [36m</form>[39m
          [36m</div>[39m
          [36m<div[39m
            [33mclass[39m=[32m"pt-12 border-t border-gray-800"[39m
          [36m>[39m
            [36m<h2[39m
              [33mclass[39m=[32m"font-mono text-sm tracking-widest uppercase text-gray-400 mb-6"[39m
            [36m>[39m
              [0mACTIVE TASKS[0m
            [36m</h2>[39m
            [36m<div[39m
              [33mclass[39m=[32m"space-y-3"[39m
            [36m>[39m
              [36m<div[39m
                [33mclass[39m=[32m"font-mono text-sm p-4 border border-gray-800"[39m
              [36m>[39m
                [36m<div[39m
                  [33mclass[39m=[32m"flex justify-between items-start mb-3"[39m
                [36m>[39m
                  [36m<div[39m
                    [33mclass[39m=[32m"flex-1"[39m
                  [36m>[39m
                    [36m<div[39m
                      [33mclass[39m=[32m"flex items-center gap-3 mb-1"[39m
                    [36m>[39m
                      [36m<span[39m
                        [33mclass[39m=[32m"uppercase tracking-wider"[39m
                      [36m>[39m
                        [0mDesign Fashion Pattern[0m
                      [36m</span>[39m
                      [36m<span[39m
                        [33mclass[39m=[32m"text-xs text-gray-400"[39m
                      [36m>[39m
                        [0m●[0m
                        [0m [0m
                        [0mIN_PROGRESS[0m
                      [36m</span>[39m
                    [36m</div>[39m
                    [36m<div[39m
                      [33mclass[39m=[32m"text-xs text-gray-500 uppercase"[39m
                    [36m>[39m
                      [0mAGENT: Fashion Agent[0m
                    [36m</div>[39m
                  [36m</div>[39m
                  [36m<div[39m
                    [33mclass[39m=[32m"text-right"[39m
                  [36m>[39m
                    [36m<div[39m
                      [33mclass[39m=[32m"text-2xl mb-1"[39m
                    [36m>[39m
                      [0m60[0m
                      [0m%[0m
                    [36m</div>[39m
                    [36m<button[39m
                      [33mclass[39m=[32m"text-xs uppercase tracking-wider hover:text-red-500"[39m
                    [36m>[39m
                      [0mREVOKE[0m
                    [36m</button>[39m
                  [36m</div>[39m
                [36m</div>[39m
                [36m<div[39m
                  [33mclass[39m=[32m"text-xs text-gray-400 uppercase"[39m
                [36m>[39m
                  [0mPRIORITY: [0m
                  [0mHIGH[0m
                [36m</div>[39m
              [36m</div>[39m
            [36m</div>[39m
          [36m</div>[39m
          [36m<div[39m
            [33mclass[39m=[32m"pt-12 border-t border-gray-800"[39m
          [36m>[39m
            [36m<h2[39m
              [33mclass[39m=[32m"font-mono text-sm tracking-widest uppercase text-gray-400 mb-6"[39m
            [36m>[39m
              [0mCOMPLETED TASKS[0m
            [36m</h2>[39m
            [36m<div[39m
              [33mclass[39m=[32m"space-y-2"[39m
            [36m>[39m
              [36m<div[39m
                [33mclass[39m=[32m"font-mono text-xs p-3 border border-gray-900 flex justify-between items-center"[39m
              [36m>[39m
                [36m<div>[39m
                  [36m<span[39m
                    [33mclass[39m=[32m"uppercase tracking-wider"[39m
                  [36m>[39m
                    [0mGenerate Layout[0m
                  [36m</span>[39m
                  [36m<span[39m
                    [33mclass[39m=[32m"text-gray-500 ml-3"[39m
                  [36m>[39m
                    [0mPattern Generator[0m
                  [36m</span>[39m
                [36m</div>[39m
                [36m<span[39m
                  [33mclass[39m=[32m"text-gray-400"[39m
                [36m>[39m
                  [0m✓ 100%[0m
                [36m</span>[39m
              [36m</div>[39m
            [36m</div>[39m
          [36m</div>[39m
        [36m</div>[39m
      [36m</div>[39m
    [36m</div>[39m
  [36m</div>[39m
[36m</body>[39m

Ignored nodes: comments, script, style
[36m<html>[39m
  [36m<head />[39m
  [36m<body>[39m
    [36m<div>[39m
      [36m<div[39m
        [33mclass[39m=[32m"min-h-screen bg-black text-white p-12"[39m
      [36m>[39m
        [36m<div[39m
          [33mclass[39m=[32m"mb-16"[39m
        [36m>[39m
          [36m<div[39m
            [33mclass[39m=[32m"mb-4"[39m
          [36m>[39m
            [36m<span[39m
              [33mclass[39m=[32m"font-mono text-xs tracking-widest uppercase text-gray-400"[39m
            [36m>[39m
              [0mLANFINITAS AI[0m
            [36m</span>[39m
          [36m</div>[39m
          [36m<h1[39m
            [33mclass[39m=[32m"font-impact text-8xl tracking-tighter uppercase mb-4"[39m
          [36m>[39m
            [0mDELEGATION CONSOLE[0m
          [36m</h1>[39m
          [36m<p[39m
            [33mclass[39m=[32m"font-mono text-sm tracking-wider uppercase text-gray-400"[39m
          [36m>[39m
            [0mMANAGE AGENT DELEGATIONS / MONITOR TASK EXECUTION[0m
          [36m</p>[39m
        [36m</div>[39m
        [36m<div[39m
          [33mclass[39m=[32m"grid grid-cols-12 gap-12"[39m
        [36m>[39m
          [36m<div[39m
            [33mclass[39m=[32m"col-span-3 space-y-8"[39m
          [36m>[39m
            [36m<div>[39m
              [36m<h2[39m
                [33mclass[39m=[32m"font-mono text-sm tracking-widest uppercase text-gray-400 mb-6"[39m
              [36m>[39m
                [0mAGENTS[0m
              [36m</h2>[39m
              [36m<div[39m
                [33mclass[39m=[32m"space-y-4"[39m
              [36m>[39m
                [36m<button[39m
                  [33mclass[39m=[32m"font-mono text-sm w-full text-left p-4 border transition-colors border-gray-800 hover:border-gray-600"[39m
                [36m>[39m
                  [36m<div[39m
                    [33mclass[39m=[32m"flex items-center justify-between mb-2"[39m
                  [36m>[39m
                    [36m<span[39m
                      [33mclass[39m=[32m"uppercase tracking-wider"[39m
                    [36m>[39m
                      [0mFashion Agent[0m
                    [36m</span>[39m
                    [36m<span[39m
                      [33mclass[39m=[32m"text-xs"[39m
                    [36m>[39m
                      [0m○[0m
                      [0m [0m
                      [0mAVAILABLE[0m
                    [36m</span>[39m
                  [36m</div>[39m
                  [36m<div[39m
                    [33mclass[39m=[32m"text-xs text-gray-500 uppercase"[39m
                  [36m>[39m
                    [0mDESIGN, PATTERN[0m
                  [36m</div>[39m
                [36m</button>[39m
                [36m<button[39m
                  [33mclass[39m=[32m"font-mono text-sm w-full text-left p-4 border transition-colors border-gray-800 hover:border-gray-600"[39m
                [36m>[39m
                  [36m<div[39m
                    [33mclass[39m=[32m"flex items-center justify-between mb-2"[39m
                  [36m>[39m
                    [36m<span[39m
                      [33mclass[39m=[32m"uppercase tracking-wider"[39m
                    [36m>[39m
                      [0mPattern Generator[0m
                    [36m</span>[39m
                    [36m<span[39m
                      [33mclass[39m=[32m"text-xs"[39m
                    [36m>[39m
                      [0m●[0m
                      [0m [0m
                      [0mBUSY[0m
                    [36m</span>[39m
                  [36m</div>[39m
                  [36m<div[39m
                    [33mclass[39m=[32m"text-xs text-gray-500 uppercase"[39m
                  [36m>[39m
                    [0mPATTERN, LAYOUT[0m
                  [36m</div>[39m
                [36m</button>[39m
              [36m</div>[39m
            [36m</div>[39m
            [36m<div[39m
              [33mclass[39m=[32m"pt-8 border-t border-gray-800"[39m
            [36m>[39m
              [36m<div[39m
                [33mclass[39m=[32m"font-mono text-xs space-y-3 uppercase"[39m
              [36m>[39m
                [36m<div[39m
                  [33mclass[39m=[32m"flex justify-between"[39m
                [36m>[39m
                  [36m<span[39m
                    [33mclass[39m=[32m"text-gray-400"[39m
                  [36m>[39m
                    [0mTOTAL AGENTS[0m
                  [36m</span>[39m
                  [36m<span>[39m
                    [0m2[0m
                  [36m</span>[39m
                [36m</div>[39m
                [36m<div[39m
                  [33mclass[39m=[32m"flex justify-between"[39m
                [36m>[39m
                  [36m<span[39m
                    [33mclass[39m=[32m"text-gray-400"[39m
                  [36m>[39m
                    [0mAVAILABLE[0m
                  [36m</span>[39m
                  [36m<span>[39m
                    [0m1[0m
                  [36m</span>[39m
                [36m</div>[39m
                [36m<div[39m
                  [33mclass[39m=[32m"flex justify-between"[39m
                [36m>[39m
                  [36m<span[39m
                    [33mclass[39m=[32m"text-gray-400"[39m
                  [36m>[39m
                    [0mACTIVE TASKS[0m
                  [36m</span>[39m
                  [36m<span>[39m
                    [0m1[0m
                  [36m</span>[39m
                [36m</div>[39m
                [36m<div[39m
                  [33mclass[39m=[32m"flex justify-between"[39m
                [36m>[39m
                  [36m<span[39m
                    [33mclass[39m=[32m"text-gray-400"[39m
                  [36m>[39m
                    [0mCOMPLETED[0m
                  [36m</span>[39m
                  [36m<span>[39m
                    [0m1[0m
                  [36m</span>[39m
                [36m</div>[39m
              [36m</div>[39m
            [36m</div>[39m
          [36m</div>[39m
          [36m<div[39m
            [33mclass[39m=[32m"col-span-9 space-y-12"[39m
          [36m>[39m
            [36m<div>[39m
              [36m<h2[39m
                [33mclass[39m=[32m"font-mono text-sm tracking-widest uppercase text-gray-400 mb-6"[39m
              [36m>[39m
                [0mCREATE TASK[0m
              [36m</h2>[39m
              [36m<form[39m
                [33mclass[39m=[32m"space-y-6"[39m
              [36m>[39m
                [36m<div>[39m
                  [36m<label[39m
                    [33mclass[39m=[32m"font-mono text-xs tracking-wider uppercase text-gray-400 block mb-2"[39m
                  [36m>[39m
                    [0mTASK NAME[0m
                  [36m</label>[39m
                  [36m<input[39m
                    [33mclass[39m=[32m"font-mono bg-transparent border-0 border-b border-white focus:border-white focus:outline-none w-full py-2 placeholder:text-gray-600 uppercase tracking-wider"[39m
                    [33mname[39m=[32m"name"[39m
                    [33mplaceholder[39m=[32m"ENTER TASK NAME"[39m
                  [36m/>[39m
                [36m</div>[39m
                [36m<div>[39m
                  [36m<label[39m
                    [33mclass[39m=[32m"font-mono text-xs tracking-wider uppercase text-gray-400 block mb-2"[39m
                  [36m>[39m
                    [0mDESCRIPTION[0m
                  [36m</label>[39m
                  [36m<textarea[39m
                    [33mclass[39m=[32m"font-mono bg-transparent border border-white focus:border-white focus:outline-none w-full p-3 placeholder:text-gray-600 uppercase tracking-wider resize-none"[39m
                    [33mname[39m=[32m"description"[39m
                    [33mplaceholder[39m=[32m"TASK DESCRIPTION"[39m
                    [33mrows[39m=[32m"3"[39m
                  [36m/>[39m
                [36m</div>[39m
                [36m<div>[39m
                  [36m<label[39m
                    [33mclass[39m=[32m"font-mono text-xs tracking-wider uppercase text-gray-400 block mb-3"[39m
                  [36m>[39m
                    [0mPRIORITY[0m
                  [36m</label>[39m
                  [36m<div[39m
                    [33mclass[39m=[32m"flex gap-4"[39m
                  [36m>[39m
                    [36m<label[39m
                      [33mclass[39m=[32m"font-mono text-xs uppercase tracking-wider cursor-pointer flex items-center gap-2"[39m
                    [36m>[39m
                      [36m<input[39m
                        [33mclass[39m=[32m"appearance-none w-4 h-4 border border-white checked:bg-white"[39m
                        [33mname[39m=[32m"priority"[39m
                        [33mtype[39m=[32m"radio"[39m
                        [33mvalue[39m=[32m"CRITICAL"[39m
                      [36m/>[39m
                      [0mCRITICAL[0m
                    [36m</label>[39m
                    [36m<label[39m
                      [33mclass[39m=[32m"font-mono text-xs uppercase tracking-wider cursor-pointer flex items-center gap-2"[39m
                    [36m>[39m
                      [36m<input[39m
                        [33mclass[39m=[32m"appearance-none w-4 h-4 border border-white checked:bg-white"[39m
                        [33mname[39m=[32m"priority"[39m
                        [33mtype[39m=[32m"radio"[39m
                        [33mvalue[39m=[32m"HIGH"[39m
                      [36m/>[39m
                      [0mHIGH[0m
                    [36m</label>[39m
                    [36m<label[39m
                      [33mclass[39m=[32m"font-mono text-xs uppercase tracking-wider cursor-pointer flex items-center gap-2"[39m
                    [36m>[39m
                      [36m<input[39m
                        [33mclass[39m=[32m"appearance-none w-4 h-4 border border-white checked:bg-white"[39m
                        [33mname[39m=[32m"priority"[39m
                        [33mtype[39m=[32m"radio"[39m
                        [33mvalue[39m=[32m"MEDIUM"[39m
                      [36m/>[39m
                      [0mMEDIUM[0m
                    [36m</label>[39m
                    [36m<label[39m
                      [33mclass[39m=[32m"font-mono text-xs uppercase tracking-wider cursor-pointer flex items-center gap-2"[39m
                    [36m>[39m
                      [36m<input[39m
                        [33mclass[39m=[32m"appearance-none w-4 h-4 border border-white checked:bg-white"[39m
                        [33mname[39m=[32m"priority"[39m
                        [33mtype[39m=[32m"radio"[39m
                        [33mvalue[39m=[32m"LOW"[39m
                      [36m/>[39m
                      [0mLOW[0m
                    [36m</label>[39m
                    [36m<label[39m
                      [33mclass[39m=[32m"font-mono text-xs uppercase tracking-wider cursor-pointer flex items-center gap-2"[39m
                    [36m>[39m
                      [36m<input[39m
                        [33mclass[39m=[32m"appearance-none w-4 h-4 border border-white checked:bg-white"[39m
                        [33mname[39m=[32m"priority"[39m
                        [33mtype[39m=[32m"radio"[39m
                        [33mvalue[39m=[32m"BACKGROUND"[39m
                      [36m/>[39m
                      [0mBACKGROUND[0m
                    [36m</label>[39m
                  [36m</div>[39m
                [36m</div>[39m
                [36m<button[39m
                  [33mclass[39m=[32m"font-mono border border-white px-8 py-3 hover:bg-white hover:text-black transition-colors uppercase tracking-wider text-sm disabled:opacity-50 disabled:cursor-not-allowed"[39m
                  [33mtype[39m=[32m"submit"[39m
                [36m>[39m
                  [0mCREATE TASK[0m
                [36m</button>[39m
              [36m</form>[39m
            [36m</div>[39m
            [36m<div[39m
              [33mclass[39m=[32m"pt-12 border-t border-gray-800"[39m
            [36m>[39m
              [36m<h2[39m
                [33mclass[39m=[32m"font-mono text-sm tracking-widest uppercase text-gray-400 mb-6"[39m
              [36m>[39m
                [0mACTIVE TASKS[0m
              [36m</h2>[39m
              [36m<div[39m
                [33mclass[39m=[32m"space-y-3"[39m
              [36m>[39m
                [36m<div[39m
                  [33mclass[39m=[32m"font-mono text-sm p-4 border border-gray-800"[39m
                [36m>[39m
                  [36m<div[39m
                    [33mclass[39m=[32m"flex justify-between items-start mb-3"[39m
                  [36m>[39m
                    [36m<div[39m
                      [33mclass[39m=[32m"flex-1"[39m
                    [36m>[39m
                      [36m<div[39m
                        [33mclass[39m=[32m"flex items-center gap-3 mb-1"[39m
                      [36m>[39m
                        [36m<span[39m
                          [33mclass[39m=[32m"uppercase tracking-wider"[39m
                        [36m>[39m
                          [0mDesign Fashion Pattern[0m
                        [36m</span>[39m
                        [36m<span[39m
                          [33mclass[39m=[32m"text-xs text-gray-400"[39m
                        [36m>[39m
                          [0m●[0m
                          [0m [0m
                          [0mIN_PROGRESS[0m
                        [36m</span>[39m
                      [36m</div>[39m
                      [36m<div[39m
                        [33mclass[39m=[32m"text-xs text-gray-500 uppercase"[39m
                      [36m>[39m
                        [0mAGENT: Fashion Agent[0m
                      [36m</div>[39m
                    [36m</div>[39m
                    [36m<div[39m
                      [33mclass[39m=[32m"text-right"[39m
                    [36m>[39m
                      [36m<div[39m
                        [33mclass[39m=[32m"text-2xl mb-1"[39m
                      [36m>[39m
                        [0m60[0m
                        [0m%[0m
                      [36m</div>[39m
                      [36m<button[39m
                        [33mclass[39m=[32m"text-xs uppercase tracking-wider hover:text-red-500"[39m
                      [36m>[39m
                        [0mREVOKE[0m
                      [36m</button>[39m
                    [36m</div>[39m
                  [36m</div>[39m
                  [36m<div[39m
                    [33mclass[39m=[32m"text-xs text-gray-400 uppercase"[39m
                  [36m>[39m
                    [0mPRIORITY: [0m
                    [0mHIGH[0m
                  [36m</div>[39m
                [36m</div>[39m
              [36m</div>[39m
            [36m</div>[39m
            [36m<div[39m
              [33mclass[39m=[32m"pt-12 border-t border-gray-800"[39m
            [36m>[39m
              [36m<h2[39m
                [33mclass[39m=[32m"font-mono text-sm tracking-widest uppercase text-gray-400 mb-6"[39m
              [36m>[39m
                [0mCOMPLETED TASKS[0m
              [36m</h2>[39m
              [36m<div[39m
                [33mclass[39m=[32m"space-y-2"[39m
              [36m>[39m
                [36m<div[39m
                  [33mclass[39m=[32m"font-mono text-xs p-3 border border-gray-900 flex justify-between items-center"[39m
                [36m>[39m
                  [36m<div>[39m
                    [36m<span[39m
                      [33mclass[39m=[32m"uppercase tracking-wider"[39m
                    [36m>[39m
                      [0mGenerate Layout[0m
                    [36m</span>[39m
                    [36m<span[39m
                      [33mclass[39m=[32m"text-gray-500 ml-3"[39m
                    [36m>[39m
                      [0mPattern Generator[0m
                    [36m</span>[39m
                  [36m</div>[39m
                  [36m<span[39m
                    [33mclass[39m=[32m"text-gray-400"[39m
                  [36m>[39m
                    [0m✓ 100%[0m
                  [36m</span>[39m
                [36m</div>[39m
              [36m</div>[39m
            [36m</div>[39m
          [36m</div>[39m
        [36m</div>[39m
      [36m</div>[39m
    [36m</div>[39m
  [36m</body>[39m
[36m</html>[39m
[90m [2m❯[22m Module.waitForWrapper node_modules/@testing-library/dom/dist/wait-for.js:[2m163:27[22m[39m
[36m [2m❯[22m src/pages/__tests__/DelegationConsolePage.test.tsx:[2m65:11[22m[39m
    [90m 63| [39m    [34mrender[39m([33m<[39m[33mDelegationConsolePage[39m [33m/[39m[33m>[39m)
    [90m 64| [39m
    [90m 65| [39m    [35mawait[39m [34mwaitFor[39m(() [33m=>[39m {
    [90m   | [39m          [31m^[39m
    [90m 66| [39m      [34mexpect[39m(screen[33m.[39m[34mgetByText[39m([36m/TOTAL AGENTS/i[39m))[33m.[39m[34mtoBeInTheDocument[39m()
    [90m 67| [39m      [34mexpect[39m(screen[33m.[39m[34mgetByText[39m([36m/AVAILABLE/i[39m))[33m.[39m[34mtoBeInTheDocument[39m()

[31m[2m⎯⎯⎯⎯⎯⎯⎯⎯⎯⎯⎯⎯⎯⎯⎯⎯⎯⎯⎯⎯⎯⎯⎯⎯[2/6]⎯[22m[39m

[41m[1m FAIL [22m[49m src/pages/__tests__/IdentityManagementPage.test.tsx[2m > [22mIdentityManagementPage[2m > [22mvalidates form input with Zod
[31m[1mTestingLibraryElementError[22m[39m: Unable to find an element with the text: /TOO SHORT/i. This could be because the text is broken up by multiple elements. In this case, you can provide a function for your text matcher to make your matcher more flexible.

Ignored nodes: comments, script, style
[36m<body>[39m
  [36m<div>[39m
    [36m<div[39m
      [33mclass[39m=[32m"min-h-screen bg-black text-white"[39m
    [36m>[39m
      [36m<header[39m
        [33mclass[39m=[32m"border-b border-gray-800 px-12 py-6"[39m
      [36m>[39m
        [36m<div[39m
          [33mclass[39m=[32m"max-w-7xl mx-auto flex items-center justify-between"[39m
        [36m>[39m
          [36m<div[39m
            [33mclass[39m=[32m"font-mono text-sm tracking-widest uppercase"[39m
          [36m>[39m
            [0mLANFINITAS AI[0m
          [36m</div>[39m
          [36m<div[39m
            [33mclass[39m=[32m"flex gap-8 font-mono text-xs tracking-wider uppercase text-gray-400"[39m
          [36m>[39m
            [36m<button[39m
              [33mclass[39m=[32m"hover:text-white transition-colors"[39m
            [36m>[39m
              [0mLOGIN[0m
            [36m</button>[39m
            [36m<button[39m
              [33mclass[39m=[32m"hover:text-white transition-colors"[39m
            [36m>[39m
              [0mSETTINGS[0m
            [36m</button>[39m
          [36m</div>[39m
        [36m</div>[39m
      [36m</header>[39m
      [36m<main[39m
        [33mclass[39m=[32m"max-w-7xl mx-auto px-12 py-16"[39m
      [36m>[39m
        [36m<h1[39m
          [33mclass[39m=[32m"font-impact text-8xl tracking-tighter uppercase mb-16"[39m
        [36m>[39m
          [0mIDENTITY MANAGEMENT[0m
        [36m</h1>[39m
        [36m<div[39m
          [33mclass[39m=[32m"flex gap-12 mb-12 border-b border-gray-800"[39m
        [36m>[39m
          [36m<button[39m
            [33mclass[39m=[32m"font-mono text-sm tracking-widest uppercase pb-4 transition-colors text-white border-b-2 border-white"[39m
          [36m>[39m
            [0muser[0m
          [36m</button>[39m
          [36m<button[39m
            [33mclass[39m=[32m"font-mono text-sm tracking-widest uppercase pb-4 transition-colors text-gray-400 hover:text-white"[39m
          [36m>[39m
            [0mteam[0m
          [36m</button>[39m
          [36m<button[39m
            [33mclass[39m=[32m"font-mono text-sm tracking-widest uppercase pb-4 transition-colors text-gray-400 hover:text-white"[39m
          [36m>[39m
            [0magent[0m
          [36m</button>[39m
        [36m</div>[39m
        [36m<div[39m
          [33mclass[39m=[32m"mb-20"[39m
        [36m>[39m
          [36m<form[39m
            [33mclass[39m=[32m"space-y-8"[39m
          [36m>[39m
            [36m<div[39m
              [33mclass[39m=[32m"font-mono text-sm tracking-wider uppercase text-gray-400 mb-8"[39m
            [36m>[39m
              [0mCREATE NEW USER[0m
            [36m</div>[39m
            [36m<div>[39m
              [36m<label[39m
                [33mclass[39m=[32m"block font-mono text-xs tracking-wider uppercase text-gray-400 mb-2"[39m
              [36m>[39m
                [0mUSERNAME[0m
              [36m</label>[39m
              [36m<input[39m
                [33mclass[39m=[32m"font-mono bg-transparent border-0 border-b border-white focus:border-white focus:outline-none w-full py-2 placeholder:text-gray-600"[39m
                [33mname[39m=[32m"name"[39m
                [33mplaceholder[39m=[32m"username"[39m
              [36m/>[39m
              [36m<p[39m
                [33mclass[39m=[32m"font-mono text-xs text-red-500 mt-1"[39m
              [36m>[39m
                [0mString must contain at least 2 character(s)[0m
              [36m</p>[39m
            [36m</div>[39m
            [36m<div>[39m
              [36m<label[39m
                [33mclass[39m=[32m"block font-mono text-xs tracking-wider uppercase text-gray-400 mb-2"[39m
              [36m>[39m
                [0mEMAIL[0m
              [36m</label>[39m
              [36m<input[39m
                [33mclass[39m=[32m"font-mono bg-transparent border-0 border-b border-white focus:border-white focus:outline-none w-full py-2 placeholder:text-gray-600"[39m
                [33mname[39m=[32m"email"[39m
                [33mplaceholder[39m=[32m"email@example.com"[39m
                [33mtype[39m=[32m"email"[39m
              [36m/>[39m
              [36m<p[39m
                [33mclass[39m=[32m"font-mono text-xs text-red-500 mt-1"[39m
              [36m>[39m
                [0mInvalid email[0m
              [36m</p>[39m
            [36m</div>[39m
            [36m<div>[39m
              [36m<label[39m
                [33mclass[39m=[32m"block font-mono text-xs tracking-wider uppercase text-gray-400 mb-2"[39m
              [36m>[39m
                [0mROLE[0m
              [36m</label>[39m
              [36m<select[39m
                [33mclass[39m=[32m"font-mono bg-black border border-white px-4 py-2 focus:outline-none w-full"[39m
                [33mname[39m=[32m"role"[39m
              [36m>[39m
                [36m<option[39m
                  [33mvalue[39m=[32m"USER"[39m
                [36m>[39m
                  [0mUSER[0m
                [36m</option>[39m
                [36m<option[39m
                  [33mvalue[39m=[32m"ADMIN"[39m
                [36m>[39m
                  [0mADMIN[0m
                [36m</option>[39m
                [36m<option[39m
                  [33mvalue[39m=[32m"VIEWER"[39m
                [36m>[39m
                  [0mVIEWER[0m
                [36m</option>[39m
              [36m</select>[39m
            [36m</div>[39m
            [36m<button[39m
              [33mclass[39m=[32m"font-mono border border-white px-8 py-3 hover:bg-white hover:text-black transition-colors uppercase tracking-wider text-sm disabled:opacity-50"[39m
              [33mtype[39m=[32m"submit"[39m
            [36m>[39m
              [0mCREATE[0m
            [36m</button>[39m
          [36m</form>[39m
        [36m</div>[39m
        [36m<div[39m
          [33mclass[39m=[32m"border-t border-gray-800 mb-12"[39m
        [36m/>[39m
        [36m<div>[39m
          [36m<h2[39m
            [33mclass[39m=[32m"font-mono text-sm tracking-wider uppercase text-gray-400 mb-8"[39m
          [36m>[39m
            [0mRECENT [0m
            [0mUSER[0m
            [0mS[0m
          [36m</h2>[39m
          [36m<table[39m
            [33mclass[39m=[32m"font-mono w-full"[39m
          [36m>[39m
            [36m<thead>[39m
              [36m<tr[39m
                [33mclass[39m=[32m"text-left text-xs tracking-wider uppercase text-gray-400 border-b border-gray-800"[39m
              [36m>[39m
                [36m<th[39m
                  [33mclass[39m=[32m"pb-4"[39m
                [36m>[39m
                  [0mNAME[0m
                [36m</th>[39m
                [36m<th[39m
                  [33mclass[39m=[32m"pb-4"[39m
                [36m>[39m
                  [0mEMAIL[0m
                [36m</th>[39m
                [36m<th[39m
                  [33mclass[39m=[32m"pb-4"[39m
                [36m>[39m
                  [0mROLE[0m
                [36m</th>[39m
                [36m<th[39m
                  [33mclass[39m=[32m"pb-4 text-right"[39m
                [36m>[39m
                  [0mACTIONS[0m
                [36m</th>[39m
              [36m</tr>[39m
            [36m</thead>[39m
            [36m<tbody[39m
              [33mclass[39m=[32m"text-sm"[39m
            [36m>[39m
              [36m<tr[39m
                [33mclass[39m=[32m"border-b border-gray-800"[39m
              [36m>[39m
                [36m<td[39m
                  [33mclass[39m=[32m"py-4"[39m
                [36m>[39m
                  [0mJohn Doe[0m
                [36m</td>[39m
                [36m<td[39m
                  [33mclass[39m=[32m"py-4"[39m
                [36m>[39m
                  [0mjohn@example.com[0m
                [36m</td>[39m
                [36m<td[39m
                  [33mclass[39m=[32m"py-4"[39m
                [36m>[39m
                  [0mADMIN[0m
                [36m</td>[39m
                [36m<td[39m
                  [33mclass[39m=[32m"py-4 text-right"[39m
                [36m>[39m
                  [36m<button[39m
                    [33mclass[39m=[32m"hover:text-gray-400 mr-4"[39m
                  [36m>[39m
                    [0mEDIT[0m
                  [36m</button>[39m
                  [36m<button[39m
                    [33mclass[39m=[32m"hover:text-red-500"[39m
                  [36m>[39m
                    [0mDELETE[0m
                  [36m</button>[39m
                [36m</td>[39m
              [36m</tr>[39m
              [36m<tr[39m
                [33mclass[39m=[32m"border-b border-gray-800"[39m
              [36m>[39m
                [36m<td[39m
                  [33mclass[39m=[32m"py-4"[39m
                [36m>[39m
                  [0mJane Smith[0m
                [36m</td>[39m
                [36m<td[39m
                  [33mclass[39m=[32m"py-4"[39m
                [36m>[39m
                  [0mjane@example.com[0m
                [36m</td>[39m
                [36m<td[39m
                  [33mclass[39m=[32m"py-4"[39m
                [36m>[39m
                  [0mUSER[0m
                [36m</td>[39m
                [36m<td[39m
                  [33mclass[39m=[32m"py-4 text-right"[39m
                [36m>[39m
                  [36m<button[39m
                    [33mclass[39m=[32m"hover:text-gray-400 mr-4"[39m
                  [36m>[39m
                    [0mEDIT[0m
                  [36m</button>[39m
                  [36m<button[39m
                    [33mclass[39m=[32m"hover:text-red-500"[39m
                  [36m>[39m
                    [0mDELETE[0m
                  [36m</button>[39m
                [36m</td>[39m
              [36m</tr>[39m
            [36m</tbody>[39m
          [36m</table>[39m
        [36m</div>[39m
      [36m</main>[39m
    [36m</div>[39m
  [36m</div>[39m
[36m</body>[39m

Ignored nodes: comments, script, style
[36m<html>[39m
  [36m<head />[39m
  [36m<body>[39m
    [36m<div>[39m
      [36m<div[39m
        [33mclass[39m=[32m"min-h-screen bg-black text-white"[39m
      [36m>[39m
        [36m<header[39m
          [33mclass[39m=[32m"border-b border-gray-800 px-12 py-6"[39m
        [36m>[39m
          [36m<div[39m
            [33mclass[39m=[32m"max-w-7xl mx-auto flex items-center justify-between"[39m
          [36m>[39m
            [36m<div[39m
              [33mclass[39m=[32m"font-mono text-sm tracking-widest uppercase"[39m
            [36m>[39m
              [0mLANFINITAS AI[0m
            [36m</div>[39m
            [36m<div[39m
              [33mclass[39m=[32m"flex gap-8 font-mono text-xs tracking-wider uppercase text-gray-400"[39m
            [36m>[39m
              [36m<button[39m
                [33mclass[39m=[32m"hover:text-white transition-colors"[39m
              [36m>[39m
                [0mLOGIN[0m
              [36m</button>[39m
              [36m<button[39m
                [33mclass[39m=[32m"hover:text-white transition-colors"[39m
              [36m>[39m
                [0mSETTINGS[0m
              [36m</button>[39m
            [36m</div>[39m
          [36m</div>[39m
        [36m</header>[39m
        [36m<main[39m
          [33mclass[39m=[32m"max-w-7xl mx-auto px-12 py-16"[39m
        [36m>[39m
          [36m<h1[39m
            [33mclass[39m=[32m"font-impact text-8xl tracking-tighter uppercase mb-16"[39m
          [36m>[39m
            [0mIDENTITY MANAGEMENT[0m
          [36m</h1>[39m
          [36m<div[39m
            [33mclass[39m=[32m"flex gap-12 mb-12 border-b border-gray-800"[39m
          [36m>[39m
            [36m<button[39m
              [33mclass[39m=[32m"font-mono text-sm tracking-widest uppercase pb-4 transition-colors text-white border-b-2 border-white"[39m
            [36m>[39m
              [0muser[0m
            [36m</button>[39m
            [36m<button[39m
              [33mclass[39m=[32m"font-mono text-sm tracking-widest uppercase pb-4 transition-colors text-gray-400 hover:text-white"[39m
            [36m>[39m
              [0mteam[0m
            [36m</button>[39m
            [36m<button[39m
              [33mclass[39m=[32m"font-mono text-sm tracking-widest uppercase pb-4 transition-colors text-gray-400 hover:text-white"[39m
            [36m>[39m
              [0magent[0m
            [36m</button>[39m
          [36m</div>[39m
          [36m<div[39m
            [33mclass[39m=[32m"mb-20"[39m
          [36m>[39m
            [36m<form[39m
              [33mclass[39m=[32m"space-y-8"[39m
            [36m>[39m
              [36m<div[39m
                [33mclass[39m=[32m"font-mono text-sm tracking-wider uppercase text-gray-400 mb-8"[39m
              [36m>[39m
                [0mCREATE NEW USER[0m
              [36m</div>[39m
              [36m<div>[39m
                [36m<label[39m
                  [33mclass[39m=[32m"block font-mono text-xs tracking-wider uppercase text-gray-400 mb-2"[39m
                [36m>[39m
                  [0mUSERNAME[0m
                [36m</label>[39m
                [36m<input[39m
                  [33mclass[39m=[32m"font-mono bg-transparent border-0 border-b border-white focus:border-white focus:outline-none w-full py-2 placeholder:text-gray-600"[39m
                  [33mname[39m=[32m"name"[39m
                  [33mplaceholder[39m=[32m"username"[39m
                [36m/>[39m
                [36m<p[39m
                  [33mclass[39m=[32m"font-mono text-xs text-red-500 mt-1"[39m
                [36m>[39m
                  [0mString must contain at least 2 character(s)[0m
                [36m</p>[39m
              [36m</div>[39m
              [36m<div>[39m
                [36m<label[39m
                  [33mclass[39m=[32m"block font-mono text-xs tracking-wider uppercase text-gray-400 mb-2"[39m
                [36m>[39m
                  [0mEMAIL[0m
                [36m</label>[39m
                [36m<input[39m
                  [33mclass[39m=[32m"font-mono bg-transparent border-0 border-b border-white focus:border-white focus:outline-none w-full py-2 placeholder:text-gray-600"[39m
                  [33mname[39m=[32m"email"[39m
                  [33mplaceholder[39m=[32m"email@example.com"[39m
                  [33mtype[39m=[32m"email"[39m
                [36m/>[39m
                [36m<p[39m
                  [33mclass[39m=[32m"font-mono text-xs text-red-500 mt-1"[39m
                [36m>[39m
                  [0mInvalid email[0m
                [36m</p>[39m
              [36m</div>[39m
              [36m<div>[39m
                [36m<label[39m
                  [33mclass[39m=[32m"block font-mono text-xs tracking-wider uppercase text-gray-400 mb-2"[39m
                [36m>[39m
                  [0mROLE[0m
                [36m</label>[39m
                [36m<select[39m
                  [33mclass[39m=[32m"font-mono bg-black border border-white px-4 py-2 focus:outline-none w-full"[39m
                  [33mname[39m=[32m"role"[39m
                [36m>[39m
                  [36m<option[39m
                    [33mvalue[39m=[32m"USER"[39m
                  [36m>[39m
                    [0mUSER[0m
                  [36m</option>[39m
                  [36m<option[39m
                    [33mvalue[39m=[32m"ADMIN"[39m
                  [36m>[39m
                    [0mADMIN[0m
                  [36m</option>[39m
                  [36m<option[39m
                    [33mvalue[39m=[32m"VIEWER"[39m
                  [36m>[39m
                    [0mVIEWER[0m
                  [36m</option>[39m
                [36m</select>[39m
              [36m</div>[39m
              [36m<button[39m
                [33mclass[39m=[32m"font-mono border border-white px-8 py-3 hover:bg-white hover:text-black transition-colors uppercase tracking-wider text-sm disabled:opacity-50"[39m
                [33mtype[39m=[32m"submit"[39m
              [36m>[39m
                [0mCREATE[0m
              [36m</button>[39m
            [36m</form>[39m
          [36m</div>[39m
          [36m<div[39m
            [33mclass[39m=[32m"border-t border-gray-800 mb-12"[39m
          [36m/>[39m
          [36m<div>[39m
            [36m<h2[39m
              [33mclass[39m=[32m"font-mono text-sm tracking-wider uppercase text-gray-400 mb-8"[39m
            [36m>[39m
              [0mRECENT [0m
              [0mUSER[0m
              [0mS[0m
            [36m</h2>[39m
            [36m<table[39m
              [33mclass[39m=[32m"font-mono w-full"[39m
            [36m>[39m
              [36m<thead>[39m
                [36m<tr[39m
                  [33mclass[39m=[32m"text-left text-xs tracking-wider uppercase text-gray-400 border-b border-gray-800"[39m
                [36m>[39m
                  [36m<th[39m
                    [33mclass[39m=[32m"pb-4"[39m
                  [36m>[39m
                    [0mNAME[0m
                  [36m</th>[39m
                  [36m<th[39m
                    [33mclass[39m=[32m"pb-4"[39m
                  [36m>[39m
                    [0mEMAIL[0m
                  [36m</th>[39m
                  [36m<th[39m
                    [33mclass[39m=[32m"pb-4"[39m
                  [36m>[39m
                    [0mROLE[0m
                  [36m</th>[39m
                  [36m<th[39m
                    [33mclass[39m=[32m"pb-4 text-right"[39m
                  [36m>[39m
                    [0mACTIONS[0m
                  [36m</th>[39m
                [36m</tr>[39m
              [36m</thead>[39m
              [36m<tbody[39m
                [33mclass[39m=[32m"text-sm"[39m
              [36m>[39m
                [36m<tr[39m
                  [33mclass[39m=[32m"border-b border-gray-800"[39m
                [36m>[39m
                  [36m<td[39m
                    [33mclass[39m=[32m"py-4"[39m
                  [36m>[39m
                    [0mJohn Doe[0m
                  [36m</td>[39m
                  [36m<td[39m
                    [33mclass[39m=[32m"py-4"[39m
                  [36m>[39m
                    [0mjohn@example.com[0m
                  [36m</td>[39m
                  [36m<td[39m
                    [33mclass[39m=[32m"py-4"[39m
                  [36m>[39m
                    [0mADMIN[0m
                  [36m</td>[39m
                  [36m<td[39m
                    [33mclass[39m=[32m"py-4 text-right"[39m
                  [36m>[39m
                    [36m<button[39m
                      [33mclass[39m=[32m"hover:text-gray-400 mr-4"[39m
                    [36m>[39m
                      [0mEDIT[0m
                    [36m</button>[39m
                    [36m<button[39m
                      [33mclass[39m=[32m"hover:text-red-500"[39m
                    [36m>[39m
                      [0mDELETE[0m
                    [36m</button>[39m
                  [36m</td>[39m
                [36m</tr>[39m
                [36m<tr[39m
                  [33mclass[39m=[32m"border-b border-gray-800"[39m
                [36m>[39m
                  [36m<td[39m
                    [33mclass[39m=[32m"py-4"[39m
                  [36m>[39m
                    [0mJane Smith[0m
                  [36m</td>[39m
                  [36m<td[39m
                    [33mclass[39m=[32m"py-4"[39m
                  [36m>[39m
                    [0mjane@example.com[0m
                  [36m</td>[39m
                  [36m<td[39m
                    [33mclass[39m=[32m"py-4"[39m
                  [36m>[39m
                    [0mUSER[0m
                  [36m</td>[39m
                  [36m<td[39m
                    [33mclass[39m=[32m"py-4 text-right"[39m
                  [36m>[39m
                    [36m<button[39m
                      [33mclass[39m=[32m"hover:text-gray-400 mr-4"[39m
                    [36m>[39m
                      [0mEDIT[0m
                    [36m</button>[39m
                    [36m<button[39m
                      [33mclass[39m=[32m"hover:text-red-500"[39m
                    [36m>[39m
                      [0mDELETE[0m
                    [36m</button>[39m
                  [36m</td>[39m
                [36m</tr>[39m
              [36m</tbody>[39m
            [36m</table>[39m
          [36m</div>[39m
        [36m</main>[39m
      [36m</div>[39m
    [36m</div>[39m
  [36m</body>[39m
[36m</html>[39m
[90m [2m❯[22m Module.waitForWrapper node_modules/@testing-library/dom/dist/wait-for.js:[2m163:27[22m[39m
[36m [2m❯[22m src/pages/__tests__/IdentityManagementPage.test.tsx:[2m60:11[22m[39m
    [90m 58| [39m
    [90m 59| [39m    [90m// Should show validation errors[39m
    [90m 60| [39m    [35mawait[39m [34mwaitFor[39m(() [33m=>[39m {
    [90m   | [39m          [31m^[39m
    [90m 61| [39m      [34mexpect[39m(screen[33m.[39m[34mgetByText[39m([36m/TOO SHORT/i[39m))[33m.[39m[34mtoBeInTheDocument[39m()
    [90m 62| [39m    })

[31m[2m⎯⎯⎯⎯⎯⎯⎯⎯⎯⎯⎯⎯⎯⎯⎯⎯⎯⎯⎯⎯⎯⎯⎯⎯[3/6]⎯[22m[39m

[41m[1m FAIL [22m[49m src/pages/__tests__/TemplateLibraryPage.test.tsx[2m > [22mTemplateLibraryPage[2m > [22mshows category labels
[31m[1mTestingLibraryElementError[22m[39m: Found multiple elements with the text: /FASHION/i

Here are the matching elements:

Ignored nodes: comments, script, style
[36m<h3[39m
  [33mclass[39m=[32m"text-lg tracking-wider uppercase mb-4"[39m
[36m>[39m
  [0mFashion Agent[0m
[36m</h3>[39m

Ignored nodes: comments, script, style
[36m<p[39m
  [33mclass[39m=[32m"text-sm text-gray-400 uppercase mb-4 line-clamp-2"[39m
[36m>[39m
  [0mAI agent for fashion design[0m
[36m</p>[39m

Ignored nodes: comments, script, style
[36m<div[39m
  [33mclass[39m=[32m"text-xs text-gray-500 uppercase mb-6"[39m
[36m>[39m
  [0mFASHION[0m
[36m</div>[39m

Ignored nodes: comments, script, style
[36m<p[39m
  [33mclass[39m=[32m"text-sm text-gray-400 uppercase mb-4 line-clamp-2"[39m
[36m>[39m
  [0mGenerate fashion patterns[0m
[36m</p>[39m

(If this is intentional, then use the `*AllBy*` variant of the query (like `queryAllByText`, `getAllByText`, or `findAllByText`)).

Ignored nodes: comments, script, style
[36m<body>[39m
  [36m<div>[39m
    [36m<div[39m
      [33mclass[39m=[32m"min-h-screen bg-black text-white p-12"[39m
    [36m>[39m
      [36m<div[39m
        [33mclass[39m=[32m"mb-16"[39m
      [36m>[39m
        [36m<div[39m
          [33mclass[39m=[32m"mb-4"[39m
        [36m>[39m
          [36m<span[39m
            [33mclass[39m=[32m"font-mono text-xs tracking-widest uppercase text-gray-400"[39m
          [36m>[39m
            [0mLANFINITAS AI[0m
          [36m</span>[39m
        [36m</div>[39m
        [36m<h1[39m
          [33mclass[39m=[32m"font-impact text-8xl tracking-tighter uppercase mb-4"[39m
        [36m>[39m
          [0mTEMPLATE LIBRARY[0m
        [36m</h1>[39m
        [36m<p[39m
          [33mclass[39m=[32m"font-mono text-sm tracking-wider uppercase text-gray-400"[39m
        [36m>[39m
          [0m3[0m
          [0m PROFESSIONAL TEMPLATES AVAILABLE[0m
        [36m</p>[39m
      [36m</div>[39m
      [36m<div[39m
        [33mclass[39m=[32m"mb-16"[39m
      [36m>[39m
        [36m<input[39m
          [33mclass[39m=[32m"font-mono bg-transparent border-0 border-b border-white focus:border-white focus:outline-none w-full py-3 placeholder:text-gray-600 uppercase tracking-wider text-lg"[39m
          [33mplaceholder[39m=[32m"SEARCH TEMPLATES"[39m
          [33mtype[39m=[32m"text"[39m
          [33mvalue[39m=[32m""[39m
        [36m/>[39m
      [36m</div>[39m
      [36m<div[39m
        [33mclass[39m=[32m"grid grid-cols-1 md:grid-cols-2 lg:grid-cols-3 gap-8"[39m
      [36m>[39m
        [36m<div[39m
          [33mclass[39m=[32m"font-mono border border-gray-800 p-6 hover:border-white transition-colors"[39m
        [36m>[39m
          [36m<h3[39m
            [33mclass[39m=[32m"text-lg tracking-wider uppercase mb-4"[39m
          [36m>[39m
            [0mFashion Agent[0m
          [36m</h3>[39m
          [36m<p[39m
            [33mclass[39m=[32m"text-sm text-gray-400 uppercase mb-4 line-clamp-2"[39m
          [36m>[39m
            [0mAI agent for fashion design[0m
          [36m</p>[39m
          [36m<div[39m
            [33mclass[39m=[32m"mb-3"[39m
          [36m>[39m
            [36m<div[39m
              [33mclass[39m=[32m"text-yellow-400 text-lg"[39m
            [36m>[39m
              [0m★★★★[0m
              [0m☆[0m
            [36m</div>[39m
          [36m</div>[39m
          [36m<div[39m
            [33mclass[39m=[32m"text-sm text-gray-400 uppercase mb-4"[39m
          [36m>[39m
            [0m234[0m
            [0m USES[0m
          [36m</div>[39m
          [36m<div[39m
            [33mclass[39m=[32m"text-xs text-gray-500 uppercase mb-6"[39m
          [36m>[39m
            [0mFASHION[0m
          [36m</div>[39m
          [36m<button[39m
            [33mclass[39m=[32m"w-full border border-white px-6 py-2 hover:bg-white hover:text-black transition-colors uppercase tracking-wider text-sm"[39m
          [36m>[39m
            [0mUSE[0m
          [36m</button>[39m
        [36m</div>[39m
        [36m<div[39m
          [33mclass[39m=[32m"font-mono border border-gray-800 p-6 hover:border-white transition-colors"[39m
        [36m>[39m
          [36m<h3[39m
            [33mclass[39m=[32m"text-lg tracking-wider uppercase mb-4"[39m
          [36m>[39m
            [0mPattern Generator[0m
          [36m</h3>[39m
          [36m<p[39m
            [33mclass[39m=[32m"text-sm text-gray-400 uppercase mb-4 line-clamp-2"[39m
          [36m>[39m
            [0mGenerate fashion patterns[0m
          [36m</p>[39m
          [36m<div[39m
            [33mclass[39m=[32m"mb-3"[39m
          [36m>[39m
            [36m<div[39m
              [33mclass[39m=[32m"text-yellow-400 text-lg"[39m
            [36m>[39m
              [0m★★★★★[0m
            [36m</div>[39m
          [36m</div>[39m
          [36m<div[39m
            [33mclass[39m=[32m"text-sm text-gray-400 uppercase mb-4"[39m
          [36m>[39m
            [0m567[0m
            [0m USES[0m
          [36m</div>[39m
          [36m<div[39m
            [33mclass[39m=[32m"text-xs text-gray-500 uppercase mb-6"[39m
          [36m>[39m
            [0mPATTERN[0m
          [36m</div>[39m
          [36m<button[39m
            [33mclass[39m=[32m"w-full border border-white px-6 py-2 hover:bg-white hover:text-black transition-colors uppercase tracking-wider text-sm"[39m
          [36m>[39m
            [0mUSE[0m
          [36m</button>[39m
        [36m</div>[39m
        [36m<div[39m
          [33mclass[39m=[32m"font-mono border border-gray-800 p-6 hover:border-white transition-colors"[39m
        [36m>[39m
          [36m<h3[39m
            [33mclass[39m=[32m"text-lg tracking-wider uppercase mb-4"[39m
          [36m>[39m
            [0mLayout Optimizer[0m
          [36m</h3>[39m
          [36m<p[39m
            [33mclass[39m=[32m"text-sm text-gray-400 uppercase mb-4 line-clamp-2"[39m
          [36m>[39m
            [0mOptimize layout designs[0m
          [36m</p>[39m
          [36m<div[39m
            [33mclass[39m=[32m"mb-3"[39m
          [36m>[39m
            [36m<div[39m
              [33mclass[39m=[32m"text-yellow-400 text-lg"[39m
            [36m>[39m
              [0m★★★[0m
              [0m☆☆[0m
            [36m</div>[39m
          [36m</div>[39m
          [36m<div[39m
            [33mclass[39m=[32m"text-sm text-gray-400 uppercase mb-4"[39m
          [36m>[39m
            [0m89[0m
            [0m USES[0m
          [36m</div>[39m
          [36m<div[39m
            [33mclass[39m=[32m"text-xs text-gray-500 uppercase mb-6"[39m
          [36m>[39m
            [0mLAYOUT[0m
          [36m</div>[39m
          [36m<button[39m
            [33mclass[39m=[32m"w-full border border-white px-6 py-2 hover:bg-white hover:text-black transition-colors uppercase tracking-wider text-sm"[39m
          [36m>[39m
            [0mUSE[0m
          [36m</button>[39m
        [36m</div>[39m
      [36m</div>[39m
      [36m<div[39m
        [33mclass[39m=[32m"text-center py-12 mt-12 border-t border-gray-800"[39m
      [36m>[39m
        [36m<p[39m
          [33mclass[39m=[32m"font-mono text-sm text-gray-500 uppercase"[39m
        [36m>[39m
          [0mEND OF LIST[0m
        [36m</p>[39m
      [36m</div>[39m
    [36m</div>[39m
  [36m</div>[39m
[36m</body>[39m

Ignored nodes: comments, script, style
[36m<html>[39m
  [36m<head />[39m
  [36m<body>[39m
    [36m<div>[39m
      [36m<div[39m
        [33mclass[39m=[32m"min-h-screen bg-black text-white p-12"[39m
      [36m>[39m
        [36m<div[39m
          [33mclass[39m=[32m"mb-16"[39m
        [36m>[39m
          [36m<div[39m
            [33mclass[39m=[32m"mb-4"[39m
          [36m>[39m
            [36m<span[39m
              [33mclass[39m=[32m"font-mono text-xs tracking-widest uppercase text-gray-400"[39m
            [36m>[39m
              [0mLANFINITAS AI[0m
            [36m</span>[39m
          [36m</div>[39m
          [36m<h1[39m
            [33mclass[39m=[32m"font-impact text-8xl tracking-tighter uppercase mb-4"[39m
          [36m>[39m
            [0mTEMPLATE LIBRARY[0m
          [36m</h1>[39m
          [36m<p[39m
            [33mclass[39m=[32m"font-mono text-sm tracking-wider uppercase text-gray-400"[39m
          [36m>[39m
            [0m3[0m
            [0m PROFESSIONAL TEMPLATES AVAILABLE[0m
          [36m</p>[39m
        [36m</div>[39m
        [36m<div[39m
          [33mclass[39m=[32m"mb-16"[39m
        [36m>[39m
          [36m<input[39m
            [33mclass[39m=[32m"font-mono bg-transparent border-0 border-b border-white focus:border-white focus:outline-none w-full py-3 placeholder:text-gray-600 uppercase tracking-wider text-lg"[39m
            [33mplaceholder[39m=[32m"SEARCH TEMPLATES"[39m
            [33mtype[39m=[32m"text"[39m
            [33mvalue[39m=[32m""[39m
          [36m/>[39m
        [36m</div>[39m
        [36m<div[39m
          [33mclass[39m=[32m"grid grid-cols-1 md:grid-cols-2 lg:grid-cols-3 gap-8"[39m
        [36m>[39m
          [36m<div[39m
            [33mclass[39m=[32m"font-mono border border-gray-800 p-6 hover:border-white transition-colors"[39m
          [36m>[39m
            [36m<h3[39m
              [33mclass[39m=[32m"text-lg tracking-wider uppercase mb-4"[39m
            [36m>[39m
              [0mFashion Agent[0m
            [36m</h3>[39m
            [36m<p[39m
              [33mclass[39m=[32m"text-sm text-gray-400 uppercase mb-4 line-clamp-2"[39m
            [36m>[39m
              [0mAI agent for fashion design[0m
            [36m</p>[39m
            [36m<div[39m
              [33mclass[39m=[32m"mb-3"[39m
            [36m>[39m
              [36m<div[39m
                [33mclass[39m=[32m"text-yellow-400 text-lg"[39m
              [36m>[39m
                [0m★★★★[0m
                [0m☆[0m
              [36m</div>[39m
            [36m</div>[39m
            [36m<div[39m
              [33mclass[39m=[32m"text-sm text-gray-400 uppercase mb-4"[39m
            [36m>[39m
              [0m234[0m
              [0m USES[0m
            [36m</div>[39m
            [36m<div[39m
              [33mclass[39m=[32m"text-xs text-gray-500 uppercase mb-6"[39m
            [36m>[39m
              [0mFASHION[0m
            [36m</div>[39m
            [36m<button[39m
              [33mclass[39m=[32m"w-full border border-white px-6 py-2 hover:bg-white hover:text-black transition-colors uppercase tracking-wider text-sm"[39m
            [36m>[39m
              [0mUSE[0m
            [36m</button>[39m
          [36m</div>[39m
          [36m<div[39m
            [33mclass[39m=[32m"font-mono border border-gray-800 p-6 hover:border-white transition-colors"[39m
          [36m>[39m
            [36m<h3[39m
              [33mclass[39m=[32m"text-lg tracking-wider uppercase mb-4"[39m
            [36m>[39m
              [0mPattern Generator[0m
            [36m</h3>[39m
            [36m<p[39m
              [33mclass[39m=[32m"text-sm text-gray-400 uppercase mb-4 line-clamp-2"[39m
            [36m>[39m
              [0mGenerate fashion patterns[0m
            [36m</p>[39m
            [36m<div[39m
              [33mclass[39m=[32m"mb-3"[39m
            [36m>[39m
              [36m<div[39m
                [33mclass[39m=[32m"text-yellow-400 text-lg"[39m
              [36m>[39m
                [0m★★★★★[0m
              [36m</div>[39m
            [36m</div>[39m
            [36m<div[39m
              [33mclass[39m=[32m"text-sm text-gray-400 uppercase mb-4"[39m
            [36m>[39m
              [0m567[0m
              [0m USES[0m
            [36m</div>[39m
            [36m<div[39m
              [33mclass[39m=[32m"text-xs text-gray-500 uppercase mb-6"[39m
            [36m>[39m
              [0mPATTERN[0m
            [36m</div>[39m
            [36m<button[39m
              [33mclass[39m=[32m"w-full border border-white px-6 py-2 hover:bg-white hover:text-black transition-colors uppercase tracking-wider text-sm"[39m
            [36m>[39m
              [0mUSE[0m
            [36m</button>[39m
          [36m</div>[39m
          [36m<div[39m
            [33mclass[39m=[32m"font-mono border border-gray-800 p-6 hover:border-white transition-colors"[39m
          [36m>[39m
            [36m<h3[39m
              [33mclass[39m=[32m"text-lg tracking-wider uppercase mb-4"[39m
            [36m>[39m
              [0mLayout Optimizer[0m
            [36m</h3>[39m
            [36m<p[39m
              [33mclass[39m=[32m"text-sm text-gray-400 uppercase mb-4 line-clamp-2"[39m
            [36m>[39m
              [0mOptimize layout designs[0m
            [36m</p>[39m
            [36m<div[39m
              [33mclass[39m=[32m"mb-3"[39m
            [36m>[39m
              [36m<div[39m
                [33mclass[39m=[32m"text-yellow-400 text-lg"[39m
              [36m>[39m
                [0m★★★[0m
                [0m☆☆[0m
              [36m</div>[39m
            [36m</div>[39m
            [36m<div[39m
              [33mclass[39m=[32m"text-sm text-gray-400 uppercase mb-4"[39m
            [36m>[39m
              [0m89[0m
              [0m USES[0m
            [36m</div>[39m
            [36m<div[39m
              [33mclass[39m=[32m"text-xs text-gray-500 uppercase mb-6"[39m
            [36m>[39m
              [0mLAYOUT[0m
            [36m</div>[39m
            [36m<button[39m
              [33mclass[39m=[32m"w-full border border-white px-6 py-2 hover:bg-white hover:text-black transition-colors uppercase tracking-wider text-sm"[39m
            [36m>[39m
              [0mUSE[0m
            [36m</button>[39m
          [36m</div>[39m
        [36m</div>[39m
        [36m<div[39m
          [33mclass[39m=[32m"text-center py-12 mt-12 border-t border-gray-800"[39m
        [36m>[39m
          [36m<p[39m
            [33mclass[39m=[32m"font-mono text-sm text-gray-500 uppercase"[39m
          [36m>[39m
            [0mEND OF LIST[0m
          [36m</p>[39m
        [36m</div>[39m
      [36m</div>[39m
    [36m</div>[39m
  [36m</body>[39m
[36m</html>[39m
[90m [2m❯[22m Module.waitForWrapper node_modules/@testing-library/dom/dist/wait-for.js:[2m163:27[22m[39m
[36m [2m❯[22m src/pages/__tests__/TemplateLibraryPage.test.tsx:[2m108:11[22m[39m
    [90m106| [39m    [34mrender[39m([33m<[39m[33mTemplateLibraryPage[39m [33m/[39m[33m>[39m)
    [90m107| [39m
    [90m108| [39m    [35mawait[39m [34mwaitFor[39m(() [33m=>[39m {
    [90m   | [39m          [31m^[39m
    [90m109| [39m      [34mexpect[39m(screen[33m.[39m[34mgetByText[39m([36m/FASHION/i[39m))[33m.[39m[34mtoBeInTheDocument[39m()
    [90m110| [39m      [34mexpect[39m(screen[33m.[39m[34mgetByText[39m([36m/PATTERN/i[39m))[33m.[39m[34mtoBeInTheDocument[39m()

[31m[2m⎯⎯⎯⎯⎯⎯⎯⎯⎯⎯⎯⎯⎯⎯⎯⎯⎯⎯⎯⎯⎯⎯⎯⎯[4/6]⎯[22m[39m

[41m[1m FAIL [22m[49m src/pages/__tests__/WalletDashboardPage.test.tsx[2m > [22mWalletDashboardPage[2m > [22mshows transaction history section
[31m[1mTestingLibraryElementError[22m[39m: Found multiple elements with the text: /TRANSACTIONS/i

Here are the matching elements:

Ignored nodes: comments, script, style
[36m<h2[39m
  [33mclass[39m=[32m"font-mono text-sm tracking-widest uppercase text-gray-400 mb-8"[39m
[36m>[39m
  [0mTRANSACTIONS[0m
[36m</h2>[39m

Ignored nodes: comments, script, style
[36m<div[39m
  [33mclass[39m=[32m"mt-8 font-mono text-xs text-gray-500 uppercase"[39m
[36m>[39m
  [0mSHOWING [0m
  [0m3[0m
  [0m OF [0m
  [0m3[0m
  [0m TRANSACTIONS[0m
[36m</div>[39m

(If this is intentional, then use the `*AllBy*` variant of the query (like `queryAllByText`, `getAllByText`, or `findAllByText`)).

Ignored nodes: comments, script, style
[36m<body>[39m
  [36m<div>[39m
    [36m<div[39m
      [33mclass[39m=[32m"min-h-screen bg-black text-white p-12"[39m
    [36m>[39m
      [36m<div[39m
        [33mclass[39m=[32m"mb-16"[39m
      [36m>[39m
        [36m<div[39m
          [33mclass[39m=[32m"mb-4"[39m
        [36m>[39m
          [36m<span[39m
            [33mclass[39m=[32m"font-mono text-xs tracking-widest uppercase text-gray-400"[39m
          [36m>[39m
            [0mLANFINITAS AI[0m
          [36m</span>[39m
        [36m</div>[39m
        [36m<h1[39m
          [33mclass[39m=[32m"font-impact text-8xl tracking-tighter uppercase mb-4"[39m
        [36m>[39m
          [0mWALLET[0m
        [36m</h1>[39m
        [36m<p[39m
          [33mclass[39m=[32m"font-mono text-sm tracking-wider uppercase text-gray-400"[39m
        [36m>[39m
          [0mMANAGE YOUR LFT TOKENS[0m
        [36m</p>[39m
      [36m</div>[39m
      [36m<div[39m
        [33mclass[39m=[32m"mb-20"[39m
      [36m>[39m
        [36m<div>[39m
          [36m<div[39m
            [33mclass[39m=[32m"mb-12"[39m
          [36m>[39m
            [36m<div[39m
              [33mclass[39m=[32m"font-impact text-9xl tracking-tighter mb-2"[39m
            [36m>[39m
              [0m12,345.67[0m
            [36m</div>[39m
            [36m<div[39m
              [33mclass[39m=[32m"font-mono text-sm tracking-widest uppercase text-gray-400"[39m
            [36m>[39m
              [0mLFT TOKEN[0m
            [36m</div>[39m
          [36m</div>[39m
          [36m<div[39m
            [33mclass[39m=[32m"pt-8 border-t border-gray-800"[39m
          [36m>[39m
            [36m<div[39m
              [33mclass[39m=[32m"flex items-baseline gap-4"[39m
            [36m>[39m
              [36m<div[39m
                [33mclass[39m=[32m"font-impact text-4xl tracking-tighter"[39m
              [36m>[39m
                [0m1,234.56[0m
              [36m</div>[39m
              [36m<div[39m
                [33mclass[39m=[32m"font-mono text-xs tracking-widest uppercase text-gray-400"[39m
              [36m>[39m
                [0mUSDC[0m
              [36m</div>[39m
            [36m</div>[39m
          [36m</div>[39m
        [36m</div>[39m
      [36m</div>[39m
      [36m<div[39m
        [33mclass[39m=[32m"pt-12 border-t border-gray-800"[39m
      [36m>[39m
        [36m<h2[39m
          [33mclass[39m=[32m"font-mono text-sm tracking-widest uppercase text-gray-400 mb-8"[39m
        [36m>[39m
          [0mTRANSACTIONS[0m
        [36m</h2>[39m
        [36m<div>[39m
          [36m<table[39m
            [33mclass[39m=[32m"font-mono text-sm w-full"[39m
          [36m>[39m
            [36m<thead>[39m
              [36m<tr[39m
                [33mclass[39m=[32m"text-left text-xs tracking-wider uppercase text-gray-400 border-b border-gray-800"[39m
              [36m>[39m
                [36m<th[39m
                  [33mclass[39m=[32m"pb-4 font-normal"[39m
                [36m>[39m
                  [0mDATE[0m
                [36m</th>[39m
                [36m<th[39m
                  [33mclass[39m=[32m"pb-4 text-right font-normal"[39m
                [36m>[39m
                  [0mAMOUNT[0m
                [36m</th>[39m
                [36m<th[39m
                  [33mclass[39m=[32m"pb-4 font-normal"[39m
                [36m>[39m
                  [0mTYPE[0m
                [36m</th>[39m
                [36m<th[39m
                  [33mclass[39m=[32m"pb-4 font-normal"[39m
                [36m>[39m
                  [0mSTATUS[0m
                [36m</th>[39m
              [36m</tr>[39m
            [36m</thead>[39m
            [36m<tbody>[39m
              [36m<tr[39m
                [33mclass[39m=[32m"border-b border-gray-900 hover:bg-gray-900/30 transition-colors"[39m
              [36m>[39m
                [36m<td[39m
                  [33mclass[39m=[32m"py-4 uppercase tracking-wider"[39m
                [36m>[39m
                  [0m2025-11-21[0m
                [36m</td>[39m
                [36m<td[39m
                  [33mclass[39m=[32m"py-4 text-right uppercase tracking-wider text-white"[39m
                [36m>[39m
                  [0m+100.00[0m
                  [0m [0m
                  [0mLFT[0m
                [36m</td>[39m
                [36m<td[39m
                  [33mclass[39m=[32m"py-4 uppercase tracking-wider text-gray-400"[39m
                [36m>[39m
                  [0mAGENT REWARD[0m
                [36m</td>[39m
                [36m<td[39m
                  [33mclass[39m=[32m"py-4 uppercase tracking-wider text-gray-500 text-xs"[39m
                [36m>[39m
                  [0mCOMPLETED[0m
                [36m</td>[39m
              [36m</tr>[39m
              [36m<tr[39m
                [33mclass[39m=[32m"border-b border-gray-900 hover:bg-gray-900/30 transition-colors"[39m
              [36m>[39m
                [36m<td[39m
                  [33mclass[39m=[32m"py-4 uppercase tracking-wider"[39m
                [36m>[39m
                  [0m2025-11-20[0m
                [36m</td>[39m
                [36m<td[39m
                  [33mclass[39m=[32m"py-4 text-right uppercase tracking-wider text-gray-400"[39m
                [36m>[39m
                  [0m-50.00[0m
                  [0m [0m
                  [0mLFT[0m
                [36m</td>[39m
                [36m<td[39m
                  [33mclass[39m=[32m"py-4 uppercase tracking-wider text-gray-400"[39m
                [36m>[39m
                  [0mTASK FEE[0m
                [36m</td>[39m
                [36m<td[39m
                  [33mclass[39m=[32m"py-4 uppercase tracking-wider text-gray-500 text-xs"[39m
                [36m>[39m
                  [0mCOMPLETED[0m
                [36m</td>[39m
              [36m</tr>[39m
              [36m<tr[39m
                [33mclass[39m=[32m"border-b border-gray-900 hover:bg-gray-900/30 transition-colors"[39m
              [36m>[39m
                [36m<td[39m
                  [33mclass[39m=[32m"py-4 uppercase tracking-wider"[39m
                [36m>[39m
                  [0m2025-11-19[0m
                [36m</td>[39m
                [36m<td[39m
                  [33mclass[39m=[32m"py-4 text-right uppercase tracking-wider text-white"[39m
                [36m>[39m
                  [0m+200.00[0m
                  [0m [0m
                  [0mLFT[0m
                [36m</td>[39m
                [36m<td[39m
                  [33mclass[39m=[32m"py-4 uppercase tracking-wider text-gray-400"[39m
                [36m>[39m
                  [0mAGENT REWARD[0m
                [36m</td>[39m
                [36m<td[39m
                  [33mclass[39m=[32m"py-4 uppercase tracking-wider text-gray-500 text-xs"[39m
                [36m>[39m
                  [0mCOMPLETED[0m
                [36m</td>[39m
              [36m</tr>[39m
            [36m</tbody>[39m
          [36m</table>[39m
          [36m<div[39m
            [33mclass[39m=[32m"mt-8 font-mono text-xs text-gray-500 uppercase"[39m
          [36m>[39m
            [0mSHOWING [0m
            [0m3[0m
            [0m OF [0m
            [0m3[0m
            [0m TRANSACTIONS[0m
          [36m</div>[39m
        [36m</div>[39m
      [36m</div>[39m
    [36m</div>[39m
  [36m</div>[39m
[36m</body>[39m

Ignored nodes: comments, script, style
[36m<html>[39m
  [36m<head />[39m
  [36m<body>[39m
    [36m<div>[39m
      [36m<div[39m
        [33mclass[39m=[32m"min-h-screen bg-black text-white p-12"[39m
      [36m>[39m
        [36m<div[39m
          [33mclass[39m=[32m"mb-16"[39m
        [36m>[39m
          [36m<div[39m
            [33mclass[39m=[32m"mb-4"[39m
          [36m>[39m
            [36m<span[39m
              [33mclass[39m=[32m"font-mono text-xs tracking-widest uppercase text-gray-400"[39m
            [36m>[39m
              [0mLANFINITAS AI[0m
            [36m</span>[39m
          [36m</div>[39m
          [36m<h1[39m
            [33mclass[39m=[32m"font-impact text-8xl tracking-tighter uppercase mb-4"[39m
          [36m>[39m
            [0mWALLET[0m
          [36m</h1>[39m
          [36m<p[39m
            [33mclass[39m=[32m"font-mono text-sm tracking-wider uppercase text-gray-400"[39m
          [36m>[39m
            [0mMANAGE YOUR LFT TOKENS[0m
          [36m</p>[39m
        [36m</div>[39m
        [36m<div[39m
          [33mclass[39m=[32m"mb-20"[39m
        [36m>[39m
          [36m<div>[39m
            [36m<div[39m
              [33mclass[39m=[32m"mb-12"[39m
            [36m>[39m
              [36m<div[39m
                [33mclass[39m=[32m"font-impact text-9xl tracking-tighter mb-2"[39m
              [36m>[39m
                [0m12,345.67[0m
              [36m</div>[39m
              [36m<div[39m
                [33mclass[39m=[32m"font-mono text-sm tracking-widest uppercase text-gray-400"[39m
              [36m>[39m
                [0mLFT TOKEN[0m
              [36m</div>[39m
            [36m</div>[39m
            [36m<div[39m
              [33mclass[39m=[32m"pt-8 border-t border-gray-800"[39m
            [36m>[39m
              [36m<div[39m
                [33mclass[39m=[32m"flex items-baseline gap-4"[39m
              [36m>[39m
                [36m<div[39m
                  [33mclass[39m=[32m"font-impact text-4xl tracking-tighter"[39m
                [36m>[39m
                  [0m1,234.56[0m
                [36m</div>[39m
                [36m<div[39m
                  [33mclass[39m=[32m"font-mono text-xs tracking-widest uppercase text-gray-400"[39m
                [36m>[39m
                  [0mUSDC[0m
                [36m</div>[39m
              [36m</div>[39m
            [36m</div>[39m
          [36m</div>[39m
        [36m</div>[39m
        [36m<div[39m
          [33mclass[39m=[32m"pt-12 border-t border-gray-800"[39m
        [36m>[39m
          [36m<h2[39m
            [33mclass[39m=[32m"font-mono text-sm tracking-widest uppercase text-gray-400 mb-8"[39m
          [36m>[39m
            [0mTRANSACTIONS[0m
          [36m</h2>[39m
          [36m<div>[39m
            [36m<table[39m
              [33mclass[39m=[32m"font-mono text-sm w-full"[39m
            [36m>[39m
              [36m<thead>[39m
                [36m<tr[39m
                  [33mclass[39m=[32m"text-left text-xs tracking-wider uppercase text-gray-400 border-b border-gray-800"[39m
                [36m>[39m
                  [36m<th[39m
                    [33mclass[39m=[32m"pb-4 font-normal"[39m
                  [36m>[39m
                    [0mDATE[0m
                  [36m</th>[39m
                  [36m<th[39m
                    [33mclass[39m=[32m"pb-4 text-right font-normal"[39m
                  [36m>[39m
                    [0mAMOUNT[0m
                  [36m</th>[39m
                  [36m<th[39m
                    [33mclass[39m=[32m"pb-4 font-normal"[39m
                  [36m>[39m
                    [0mTYPE[0m
                  [36m</th>[39m
                  [36m<th[39m
                    [33mclass[39m=[32m"pb-4 font-normal"[39m
                  [36m>[39m
                    [0mSTATUS[0m
                  [36m</th>[39m
                [36m</tr>[39m
              [36m</thead>[39m
              [36m<tbody>[39m
                [36m<tr[39m
                  [33mclass[39m=[32m"border-b border-gray-900 hover:bg-gray-900/30 transition-colors"[39m
                [36m>[39m
                  [36m<td[39m
                    [33mclass[39m=[32m"py-4 uppercase tracking-wider"[39m
                  [36m>[39m
                    [0m2025-11-21[0m
                  [36m</td>[39m
                  [36m<td[39m
                    [33mclass[39m=[32m"py-4 text-right uppercase tracking-wider text-white"[39m
                  [36m>[39m
                    [0m+100.00[0m
                    [0m [0m
                    [0mLFT[0m
                  [36m</td>[39m
                  [36m<td[39m
                    [33mclass[39m=[32m"py-4 uppercase tracking-wider text-gray-400"[39m
                  [36m>[39m
                    [0mAGENT REWARD[0m
                  [36m</td>[39m
                  [36m<td[39m
                    [33mclass[39m=[32m"py-4 uppercase tracking-wider text-gray-500 text-xs"[39m
                  [36m>[39m
                    [0mCOMPLETED[0m
                  [36m</td>[39m
                [36m</tr>[39m
                [36m<tr[39m
                  [33mclass[39m=[32m"border-b border-gray-900 hover:bg-gray-900/30 transition-colors"[39m
                [36m>[39m
                  [36m<td[39m
                    [33mclass[39m=[32m"py-4 uppercase tracking-wider"[39m
                  [36m>[39m
                    [0m2025-11-20[0m
                  [36m</td>[39m
                  [36m<td[39m
                    [33mclass[39m=[32m"py-4 text-right uppercase tracking-wider text-gray-400"[39m
                  [36m>[39m
                    [0m-50.00[0m
                    [0m [0m
                    [0mLFT[0m
                  [36m</td>[39m
                  [36m<td[39m
                    [33mclass[39m=[32m"py-4 uppercase tracking-wider text-gray-400"[39m
                  [36m>[39m
                    [0mTASK FEE[0m
                  [36m</td>[39m
                  [36m<td[39m
                    [33mclass[39m=[32m"py-4 uppercase tracking-wider text-gray-500 text-xs"[39m
                  [36m>[39m
                    [0mCOMPLETED[0m
                  [36m</td>[39m
                [36m</tr>[39m
                [36m<tr[39m
                  [33mclass[39m=[32m"border-b border-gray-900 hover:bg-gray-900/30 transition-colors"[39m
                [36m>[39m
                  [36m<td[39m
                    [33mclass[39m=[32m"py-4 uppercase tracking-wider"[39m
                  [36m>[39m
                    [0m2025-11-19[0m
                  [36m</td>[39m
                  [36m<td[39m
                    [33mclass[39m=[32m"py-4 text-right uppercase tracking-wider text-white"[39m
                  [36m>[39m
                    [0m+200.00[0m
                    [0m [0m
                    [0mLFT[0m
                  [36m</td>[39m
                  [36m<td[39m
                    [33mclass[39m=[32m"py-4 uppercase tracking-wider text-gray-400"[39m
                  [36m>[39m
                    [0mAGENT REWARD[0m
                  [36m</td>[39m
                  [36m<td[39m
                    [33mclass[39m=[32m"py-4 uppercase tracking-wider text-gray-500 text-xs"[39m
                  [36m>[39m
                    [0mCOMPLETED[0m
                  [36m</td>[39m
                [36m</tr>[39m
              [36m</tbody>[39m
            [36m</table>[39m
            [36m<div[39m
              [33mclass[39m=[32m"mt-8 font-mono text-xs text-gray-500 uppercase"[39m
            [36m>[39m
              [0mSHOWING [0m
              [0m3[0m
              [0m OF [0m
              [0m3[0m
              [0m TRANSACTIONS[0m
            [36m</div>[39m
          [36m</div>[39m
        [36m</div>[39m
      [36m</div>[39m
    [36m</div>[39m
  [36m</body>[39m
[36m</html>[39m
[90m [2m❯[22m Module.waitForWrapper node_modules/@testing-library/dom/dist/wait-for.js:[2m163:27[22m[39m
[36m [2m❯[22m src/pages/__tests__/WalletDashboardPage.test.tsx:[2m85:11[22m[39m
    [90m 83| [39m    [34mrender[39m([33m<[39m[33mWalletDashboardPage[39m [33m/[39m[33m>[39m)
    [90m 84| [39m
    [90m 85| [39m    [35mawait[39m [34mwaitFor[39m(() [33m=>[39m {
    [90m   | [39m          [31m^[39m
    [90m 86| [39m      [34mexpect[39m(screen[33m.[39m[34mgetByText[39m([36m/TRANSACTIONS/i[39m))[33m.[39m[34mtoBeInTheDocument[39m()
    [90m 87| [39m    })

[31m[2m⎯⎯⎯⎯⎯⎯⎯⎯⎯⎯⎯⎯⎯⎯⎯⎯⎯⎯⎯⎯⎯⎯⎯⎯[5/6]⎯[22m[39m

[41m[1m FAIL [22m[49m src/pages/__tests__/WalletDashboardPage.test.tsx[2m > [22mWalletDashboardPage[2m > [22mdisplays transaction types
[31m[1mTestingLibraryElementError[22m[39m: Found multiple elements with the text: /AGENT REWARD/i

Here are the matching elements:

Ignored nodes: comments, script, style
[36m<td[39m
  [33mclass[39m=[32m"py-4 uppercase tracking-wider text-gray-400"[39m
[36m>[39m
  [0mAGENT REWARD[0m
[36m</td>[39m

Ignored nodes: comments, script, style
[36m<td[39m
  [33mclass[39m=[32m"py-4 uppercase tracking-wider text-gray-400"[39m
[36m>[39m
  [0mAGENT REWARD[0m
[36m</td>[39m

(If this is intentional, then use the `*AllBy*` variant of the query (like `queryAllByText`, `getAllByText`, or `findAllByText`)).

Ignored nodes: comments, script, style
[36m<body>[39m
  [36m<div>[39m
    [36m<div[39m
      [33mclass[39m=[32m"min-h-screen bg-black text-white p-12"[39m
    [36m>[39m
      [36m<div[39m
        [33mclass[39m=[32m"mb-16"[39m
      [36m>[39m
        [36m<div[39m
          [33mclass[39m=[32m"mb-4"[39m
        [36m>[39m
          [36m<span[39m
            [33mclass[39m=[32m"font-mono text-xs tracking-widest uppercase text-gray-400"[39m
          [36m>[39m
            [0mLANFINITAS AI[0m
          [36m</span>[39m
        [36m</div>[39m
        [36m<h1[39m
          [33mclass[39m=[32m"font-impact text-8xl tracking-tighter uppercase mb-4"[39m
        [36m>[39m
          [0mWALLET[0m
        [36m</h1>[39m
        [36m<p[39m
          [33mclass[39m=[32m"font-mono text-sm tracking-wider uppercase text-gray-400"[39m
        [36m>[39m
          [0mMANAGE YOUR LFT TOKENS[0m
        [36m</p>[39m
      [36m</div>[39m
      [36m<div[39m
        [33mclass[39m=[32m"mb-20"[39m
      [36m>[39m
        [36m<div>[39m
          [36m<div[39m
            [33mclass[39m=[32m"mb-12"[39m
          [36m>[39m
            [36m<div[39m
              [33mclass[39m=[32m"font-impact text-9xl tracking-tighter mb-2"[39m
            [36m>[39m
              [0m12,345.67[0m
            [36m</div>[39m
            [36m<div[39m
              [33mclass[39m=[32m"font-mono text-sm tracking-widest uppercase text-gray-400"[39m
            [36m>[39m
              [0mLFT TOKEN[0m
            [36m</div>[39m
          [36m</div>[39m
          [36m<div[39m
            [33mclass[39m=[32m"pt-8 border-t border-gray-800"[39m
          [36m>[39m
            [36m<div[39m
              [33mclass[39m=[32m"flex items-baseline gap-4"[39m
            [36m>[39m
              [36m<div[39m
                [33mclass[39m=[32m"font-impact text-4xl tracking-tighter"[39m
              [36m>[39m
                [0m1,234.56[0m
              [36m</div>[39m
              [36m<div[39m
                [33mclass[39m=[32m"font-mono text-xs tracking-widest uppercase text-gray-400"[39m
              [36m>[39m
                [0mUSDC[0m
              [36m</div>[39m
            [36m</div>[39m
          [36m</div>[39m
        [36m</div>[39m
      [36m</div>[39m
      [36m<div[39m
        [33mclass[39m=[32m"pt-12 border-t border-gray-800"[39m
      [36m>[39m
        [36m<h2[39m
          [33mclass[39m=[32m"font-mono text-sm tracking-widest uppercase text-gray-400 mb-8"[39m
        [36m>[39m
          [0mTRANSACTIONS[0m
        [36m</h2>[39m
        [36m<div>[39m
          [36m<table[39m
            [33mclass[39m=[32m"font-mono text-sm w-full"[39m
          [36m>[39m
            [36m<thead>[39m
              [36m<tr[39m
                [33mclass[39m=[32m"text-left text-xs tracking-wider uppercase text-gray-400 border-b border-gray-800"[39m
              [36m>[39m
                [36m<th[39m
                  [33mclass[39m=[32m"pb-4 font-normal"[39m
                [36m>[39m
                  [0mDATE[0m
                [36m</th>[39m
                [36m<th[39m
                  [33mclass[39m=[32m"pb-4 text-right font-normal"[39m
                [36m>[39m
                  [0mAMOUNT[0m
                [36m</th>[39m
                [36m<th[39m
                  [33mclass[39m=[32m"pb-4 font-normal"[39m
                [36m>[39m
                  [0mTYPE[0m
                [36m</th>[39m
                [36m<th[39m
                  [33mclass[39m=[32m"pb-4 font-normal"[39m
                [36m>[39m
                  [0mSTATUS[0m
                [36m</th>[39m
              [36m</tr>[39m
            [36m</thead>[39m
            [36m<tbody>[39m
              [36m<tr[39m
                [33mclass[39m=[32m"border-b border-gray-900 hover:bg-gray-900/30 transition-colors"[39m
              [36m>[39m
                [36m<td[39m
                  [33mclass[39m=[32m"py-4 uppercase tracking-wider"[39m
                [36m>[39m
                  [0m2025-11-21[0m
                [36m</td>[39m
                [36m<td[39m
                  [33mclass[39m=[32m"py-4 text-right uppercase tracking-wider text-white"[39m
                [36m>[39m
                  [0m+100.00[0m
                  [0m [0m
                  [0mLFT[0m
                [36m</td>[39m
                [36m<td[39m
                  [33mclass[39m=[32m"py-4 uppercase tracking-wider text-gray-400"[39m
                [36m>[39m
                  [0mAGENT REWARD[0m
                [36m</td>[39m
                [36m<td[39m
                  [33mclass[39m=[32m"py-4 uppercase tracking-wider text-gray-500 text-xs"[39m
                [36m>[39m
                  [0mCOMPLETED[0m
                [36m</td>[39m
              [36m</tr>[39m
              [36m<tr[39m
                [33mclass[39m=[32m"border-b border-gray-900 hover:bg-gray-900/30 transition-colors"[39m
              [36m>[39m
                [36m<td[39m
                  [33mclass[39m=[32m"py-4 uppercase tracking-wider"[39m
                [36m>[39m
                  [0m2025-11-20[0m
                [36m</td>[39m
                [36m<td[39m
                  [33mclass[39m=[32m"py-4 text-right uppercase tracking-wider text-gray-400"[39m
                [36m>[39m
                  [0m-50.00[0m
                  [0m [0m
                  [0mLFT[0m
                [36m</td>[39m
                [36m<td[39m
                  [33mclass[39m=[32m"py-4 uppercase tracking-wider text-gray-400"[39m
                [36m>[39m
                  [0mTASK FEE[0m
                [36m</td>[39m
                [36m<td[39m
                  [33mclass[39m=[32m"py-4 uppercase tracking-wider text-gray-500 text-xs"[39m
                [36m>[39m
                  [0mCOMPLETED[0m
                [36m</td>[39m
              [36m</tr>[39m
              [36m<tr[39m
                [33mclass[39m=[32m"border-b border-gray-900 hover:bg-gray-900/30 transition-colors"[39m
              [36m>[39m
                [36m<td[39m
                  [33mclass[39m=[32m"py-4 uppercase tracking-wider"[39m
                [36m>[39m
                  [0m2025-11-19[0m
                [36m</td>[39m
                [36m<td[39m
                  [33mclass[39m=[32m"py-4 text-right uppercase tracking-wider text-white"[39m
                [36m>[39m
                  [0m+200.00[0m
                  [0m [0m
                  [0mLFT[0m
                [36m</td>[39m
                [36m<td[39m
                  [33mclass[39m=[32m"py-4 uppercase tracking-wider text-gray-400"[39m
                [36m>[39m
                  [0mAGENT REWARD[0m
                [36m</td>[39m
                [36m<td[39m
                  [33mclass[39m=[32m"py-4 uppercase tracking-wider text-gray-500 text-xs"[39m
                [36m>[39m
                  [0mCOMPLETED[0m
                [36m</td>[39m
              [36m</tr>[39m
            [36m</tbody>[39m
          [36m</table>[39m
          [36m<div[39m
            [33mclass[39m=[32m"mt-8 font-mono text-xs text-gray-500 uppercase"[39m
          [36m>[39m
            [0mSHOWING [0m
            [0m3[0m
            [0m OF [0m
            [0m3[0m
            [0m TRANSACTIONS[0m
          [36m</div>[39m
        [36m</div>[39m
      [36m</div>[39m
    [36m</div>[39m
  [36m</div>[39m
[36m</body>[39m

Ignored nodes: comments, script, style
[36m<html>[39m
  [36m<head />[39m
  [36m<body>[39m
    [36m<div>[39m
      [36m<div[39m
        [33mclass[39m=[32m"min-h-screen bg-black text-white p-12"[39m
      [36m>[39m
        [36m<div[39m
          [33mclass[39m=[32m"mb-16"[39m
        [36m>[39m
          [36m<div[39m
            [33mclass[39m=[32m"mb-4"[39m
          [36m>[39m
            [36m<span[39m
              [33mclass[39m=[32m"font-mono text-xs tracking-widest uppercase text-gray-400"[39m
            [36m>[39m
              [0mLANFINITAS AI[0m
            [36m</span>[39m
          [36m</div>[39m
          [36m<h1[39m
            [33mclass[39m=[32m"font-impact text-8xl tracking-tighter uppercase mb-4"[39m
          [36m>[39m
            [0mWALLET[0m
          [36m</h1>[39m
          [36m<p[39m
            [33mclass[39m=[32m"font-mono text-sm tracking-wider uppercase text-gray-400"[39m
          [36m>[39m
            [0mMANAGE YOUR LFT TOKENS[0m
          [36m</p>[39m
        [36m</div>[39m
        [36m<div[39m
          [33mclass[39m=[32m"mb-20"[39m
        [36m>[39m
          [36m<div>[39m
            [36m<div[39m
              [33mclass[39m=[32m"mb-12"[39m
            [36m>[39m
              [36m<div[39m
                [33mclass[39m=[32m"font-impact text-9xl tracking-tighter mb-2"[39m
              [36m>[39m
                [0m12,345.67[0m
              [36m</div>[39m
              [36m<div[39m
                [33mclass[39m=[32m"font-mono text-sm tracking-widest uppercase text-gray-400"[39m
              [36m>[39m
                [0mLFT TOKEN[0m
              [36m</div>[39m
            [36m</div>[39m
            [36m<div[39m
              [33mclass[39m=[32m"pt-8 border-t border-gray-800"[39m
            [36m>[39m
              [36m<div[39m
                [33mclass[39m=[32m"flex items-baseline gap-4"[39m
              [36m>[39m
                [36m<div[39m
                  [33mclass[39m=[32m"font-impact text-4xl tracking-tighter"[39m
                [36m>[39m
                  [0m1,234.56[0m
                [36m</div>[39m
                [36m<div[39m
                  [33mclass[39m=[32m"font-mono text-xs tracking-widest uppercase text-gray-400"[39m
                [36m>[39m
                  [0mUSDC[0m
                [36m</div>[39m
              [36m</div>[39m
            [36m</div>[39m
          [36m</div>[39m
        [36m</div>[39m
        [36m<div[39m
          [33mclass[39m=[32m"pt-12 border-t border-gray-800"[39m
        [36m>[39m
          [36m<h2[39m
            [33mclass[39m=[32m"font-mono text-sm tracking-widest uppercase text-gray-400 mb-8"[39m
          [36m>[39m
            [0mTRANSACTIONS[0m
          [36m</h2>[39m
          [36m<div>[39m
            [36m<table[39m
              [33mclass[39m=[32m"font-mono text-sm w-full"[39m
            [36m>[39m
              [36m<thead>[39m
                [36m<tr[39m
                  [33mclass[39m=[32m"text-left text-xs tracking-wider uppercase text-gray-400 border-b border-gray-800"[39m
                [36m>[39m
                  [36m<th[39m
                    [33mclass[39m=[32m"pb-4 font-normal"[39m
                  [36m>[39m
                    [0mDATE[0m
                  [36m</th>[39m
                  [36m<th[39m
                    [33mclass[39m=[32m"pb-4 text-right font-normal"[39m
                  [36m>[39m
                    [0mAMOUNT[0m
                  [36m</th>[39m
                  [36m<th[39m
                    [33mclass[39m=[32m"pb-4 font-normal"[39m
                  [36m>[39m
                    [0mTYPE[0m
                  [36m</th>[39m
                  [36m<th[39m
                    [33mclass[39m=[32m"pb-4 font-normal"[39m
                  [36m>[39m
                    [0mSTATUS[0m
                  [36m</th>[39m
                [36m</tr>[39m
              [36m</thead>[39m
              [36m<tbody>[39m
                [36m<tr[39m
                  [33mclass[39m=[32m"border-b border-gray-900 hover:bg-gray-900/30 transition-colors"[39m
                [36m>[39m
                  [36m<td[39m
                    [33mclass[39m=[32m"py-4 uppercase tracking-wider"[39m
                  [36m>[39m
                    [0m2025-11-21[0m
                  [36m</td>[39m
                  [36m<td[39m
                    [33mclass[39m=[32m"py-4 text-right uppercase tracking-wider text-white"[39m
                  [36m>[39m
                    [0m+100.00[0m
                    [0m [0m
                    [0mLFT[0m
                  [36m</td>[39m
                  [36m<td[39m
                    [33mclass[39m=[32m"py-4 uppercase tracking-wider text-gray-400"[39m
                  [36m>[39m
                    [0mAGENT REWARD[0m
                  [36m</td>[39m
                  [36m<td[39m
                    [33mclass[39m=[32m"py-4 uppercase tracking-wider text-gray-500 text-xs"[39m
                  [36m>[39m
                    [0mCOMPLETED[0m
                  [36m</td>[39m
                [36m</tr>[39m
                [36m<tr[39m
                  [33mclass[39m=[32m"border-b border-gray-900 hover:bg-gray-900/30 transition-colors"[39m
                [36m>[39m
                  [36m<td[39m
                    [33mclass[39m=[32m"py-4 uppercase tracking-wider"[39m
                  [36m>[39m
                    [0m2025-11-20[0m
                  [36m</td>[39m
                  [36m<td[39m
                    [33mclass[39m=[32m"py-4 text-right uppercase tracking-wider text-gray-400"[39m
                  [36m>[39m
                    [0m-50.00[0m
                    [0m [0m
                    [0mLFT[0m
                  [36m</td>[39m
                  [36m<td[39m
                    [33mclass[39m=[32m"py-4 uppercase tracking-wider text-gray-400"[39m
                  [36m>[39m
                    [0mTASK FEE[0m
                  [36m</td>[39m
                  [36m<td[39m
                    [33mclass[39m=[32m"py-4 uppercase tracking-wider text-gray-500 text-xs"[39m
                  [36m>[39m
                    [0mCOMPLETED[0m
                  [36m</td>[39m
                [36m</tr>[39m
                [36m<tr[39m
                  [33mclass[39m=[32m"border-b border-gray-900 hover:bg-gray-900/30 transition-colors"[39m
                [36m>[39m
                  [36m<td[39m
                    [33mclass[39m=[32m"py-4 uppercase tracking-wider"[39m
                  [36m>[39m
                    [0m2025-11-19[0m
                  [36m</td>[39m
                  [36m<td[39m
                    [33mclass[39m=[32m"py-4 text-right uppercase tracking-wider text-white"[39m
                  [36m>[39m
                    [0m+200.00[0m
                    [0m [0m
                    [0mLFT[0m
                  [36m</td>[39m
                  [36m<td[39m
                    [33mclass[39m=[32m"py-4 uppercase tracking-wider text-gray-400"[39m
                  [36m>[39m
                    [0mAGENT REWARD[0m
                  [36m</td>[39m
                  [36m<td[39m
                    [33mclass[39m=[32m"py-4 uppercase tracking-wider text-gray-500 text-xs"[39m
                  [36m>[39m
                    [0mCOMPLETED[0m
                  [36m</td>[39m
                [36m</tr>[39m
              [36m</tbody>[39m
            [36m</table>[39m
            [36m<div[39m
              [33mclass[39m=[32m"mt-8 font-mono text-xs text-gray-500 uppercase"[39m
            [36m>[39m
              [0mSHOWING [0m
              [0m3[0m
              [0m OF [0m
              [0m3[0m
              [0m TRANSACTIONS[0m
            [36m</div>[39m
          [36m</div>[39m
        [36m</div>[39m
      [36m</div>[39m
    [36m</div>[39m
  [36m</body>[39m
[36m</html>[39m
[90m [2m❯[22m Module.waitForWrapper node_modules/@testing-library/dom/dist/wait-for.js:[2m163:27[22m[39m
[36m [2m❯[22m src/pages/__tests__/WalletDashboardPage.test.tsx:[2m113:11[22m[39m
    [90m111| [39m    [34mrender[39m([33m<[39m[33mWalletDashboardPage[39m [33m/[39m[33m>[39m)
    [90m112| [39m
    [90m113| [39m    [35mawait[39m [34mwaitFor[39m(() [33m=>[39m {
    [90m   | [39m          [31m^[39m
    [90m114| [39m      [34mexpect[39m(screen[33m.[39m[34mgetByText[39m([36m/AGENT REWARD/i[39m))[33m.[39m[34mtoBeInTheDocument[39m()
    [90m115| [39m      [34mexpect[39m(screen[33m.[39m[34mgetByText[39m([36m/TASK FEE/i[39m))[33m.[39m[34mtoBeInTheDocument[39m()

[31m[2m⎯⎯⎯⎯⎯⎯⎯⎯⎯⎯⎯⎯⎯⎯⎯⎯⎯⎯⎯⎯⎯⎯⎯⎯[6/6]⎯[22m[39m


[2m Test Files [22m [1m[31m4 failed[39m[22m[90m (4)[39m
[2m      Tests [22m [1m[31m6 failed[39m[22m[2m | [22m[1m[32m55 passed[39m[22m[90m (61)[39m
[2m   Start at [22m 19:45:22
[2m   Duration [22m 8.74s[2m (transform 1.21s, setup 3.63s, collect 3.61s, tests 8.87s, environment 15.24s, prepare 198ms)[22m

